Archive member included to satisfy reference by file (symbol)

C:/ST/STM32CubeIDE_2.2.0/STM32CubeIDE/plugins/com.st.stm32cube.ide.mcu.externaltools.gnu-tools-for-stm32.14.3.rel1.win32_1.0.100.202602081740/tools/bin/../lib/gcc/arm-none-eabi/14.3.1/../../../../arm-none-eabi/lib/thumb/v7e-m+fp/hard\libc_nano.a(libc_a-exit.o)
                              C:/ST/STM32CubeIDE_2.2.0/STM32CubeIDE/plugins/com.st.stm32cube.ide.mcu.externaltools.gnu-tools-for-stm32.14.3.rel1.win32_1.0.100.202602081740/tools/bin/../lib/gcc/arm-none-eabi/14.3.1/../../../../arm-none-eabi/lib/thumb/v7e-m+fp/hard/crt0.o (exit)
C:/ST/STM32CubeIDE_2.2.0/STM32CubeIDE/plugins/com.st.stm32cube.ide.mcu.externaltools.gnu-tools-for-stm32.14.3.rel1.win32_1.0.100.202602081740/tools/bin/../lib/gcc/arm-none-eabi/14.3.1/../../../../arm-none-eabi/lib/thumb/v7e-m+fp/hard\libc_nano.a(libc_a-findfp.o)
                              C:/ST/STM32CubeIDE_2.2.0/STM32CubeIDE/plugins/com.st.stm32cube.ide.mcu.externaltools.gnu-tools-for-stm32.14.3.rel1.win32_1.0.100.202602081740/tools/bin/../lib/gcc/arm-none-eabi/14.3.1/../../../../arm-none-eabi/lib/thumb/v7e-m+fp/hard\libc_nano.a(libc_a-exit.o) (__stdio_exit_handler)
C:/ST/STM32CubeIDE_2.2.0/STM32CubeIDE/plugins/com.st.stm32cube.ide.mcu.externaltools.gnu-tools-for-stm32.14.3.rel1.win32_1.0.100.202602081740/tools/bin/../lib/gcc/arm-none-eabi/14.3.1/../../../../arm-none-eabi/lib/thumb/v7e-m+fp/hard\libc_nano.a(libc_a-fwalk.o)
                              C:/ST/STM32CubeIDE_2.2.0/STM32CubeIDE/plugins/com.st.stm32cube.ide.mcu.externaltools.gnu-tools-for-stm32.14.3.rel1.win32_1.0.100.202602081740/tools/bin/../lib/gcc/arm-none-eabi/14.3.1/../../../../arm-none-eabi/lib/thumb/v7e-m+fp/hard\libc_nano.a(libc_a-findfp.o) (_fwalk_sglue)
C:/ST/STM32CubeIDE_2.2.0/STM32CubeIDE/plugins/com.st.stm32cube.ide.mcu.externaltools.gnu-tools-for-stm32.14.3.rel1.win32_1.0.100.202602081740/tools/bin/../lib/gcc/arm-none-eabi/14.3.1/../../../../arm-none-eabi/lib/thumb/v7e-m+fp/hard\libc_nano.a(libc_a-printf.o)
                              ./Core/Src/debug_utils.o (printf)
C:/ST/STM32CubeIDE_2.2.0/STM32CubeIDE/plugins/com.st.stm32cube.ide.mcu.externaltools.gnu-tools-for-stm32.14.3.rel1.win32_1.0.100.202602081740/tools/bin/../lib/gcc/arm-none-eabi/14.3.1/../../../../arm-none-eabi/lib/thumb/v7e-m+fp/hard\libc_nano.a(libc_a-putchar.o)
                              ./Core/Src/debug_utils.o (putchar)
C:/ST/STM32CubeIDE_2.2.0/STM32CubeIDE/plugins/com.st.stm32cube.ide.mcu.externaltools.gnu-tools-for-stm32.14.3.rel1.win32_1.0.100.202602081740/tools/bin/../lib/gcc/arm-none-eabi/14.3.1/../../../../arm-none-eabi/lib/thumb/v7e-m+fp/hard\libc_nano.a(libc_a-puts.o)
                              ./Core/Src/imu.o (puts)
C:/ST/STM32CubeIDE_2.2.0/STM32CubeIDE/plugins/com.st.stm32cube.ide.mcu.externaltools.gnu-tools-for-stm32.14.3.rel1.win32_1.0.100.202602081740/tools/bin/../lib/gcc/arm-none-eabi/14.3.1/../../../../arm-none-eabi/lib/thumb/v7e-m+fp/hard\libc_nano.a(libc_a-stdio.o)
                              C:/ST/STM32CubeIDE_2.2.0/STM32CubeIDE/plugins/com.st.stm32cube.ide.mcu.externaltools.gnu-tools-for-stm32.14.3.rel1.win32_1.0.100.202602081740/tools/bin/../lib/gcc/arm-none-eabi/14.3.1/../../../../arm-none-eabi/lib/thumb/v7e-m+fp/hard\libc_nano.a(libc_a-findfp.o) (__sread)
C:/ST/STM32CubeIDE_2.2.0/STM32CubeIDE/plugins/com.st.stm32cube.ide.mcu.externaltools.gnu-tools-for-stm32.14.3.rel1.win32_1.0.100.202602081740/tools/bin/../lib/gcc/arm-none-eabi/14.3.1/../../../../arm-none-eabi/lib/thumb/v7e-m+fp/hard\libc_nano.a(libc_a-wbuf.o)
                              C:/ST/STM32CubeIDE_2.2.0/STM32CubeIDE/plugins/com.st.stm32cube.ide.mcu.externaltools.gnu-tools-for-stm32.14.3.rel1.win32_1.0.100.202602081740/tools/bin/../lib/gcc/arm-none-eabi/14.3.1/../../../../arm-none-eabi/lib/thumb/v7e-m+fp/hard\libc_nano.a(libc_a-puts.o) (__swbuf_r)
C:/ST/STM32CubeIDE_2.2.0/STM32CubeIDE/plugins/com.st.stm32cube.ide.mcu.externaltools.gnu-tools-for-stm32.14.3.rel1.win32_1.0.100.202602081740/tools/bin/../lib/gcc/arm-none-eabi/14.3.1/../../../../arm-none-eabi/lib/thumb/v7e-m+fp/hard\libc_nano.a(libc_a-wsetup.o)
                              C:/ST/STM32CubeIDE_2.2.0/STM32CubeIDE/plugins/com.st.stm32cube.ide.mcu.externaltools.gnu-tools-for-stm32.14.3.rel1.win32_1.0.100.202602081740/tools/bin/../lib/gcc/arm-none-eabi/14.3.1/../../../../arm-none-eabi/lib/thumb/v7e-m+fp/hard\libc_nano.a(libc_a-puts.o) (__swsetup_r)
C:/ST/STM32CubeIDE_2.2.0/STM32CubeIDE/plugins/com.st.stm32cube.ide.mcu.externaltools.gnu-tools-for-stm32.14.3.rel1.win32_1.0.100.202602081740/tools/bin/../lib/gcc/arm-none-eabi/14.3.1/../../../../arm-none-eabi/lib/thumb/v7e-m+fp/hard\libc_nano.a(libc_a-memset.o)
                              C:/ST/STM32CubeIDE_2.2.0/STM32CubeIDE/plugins/com.st.stm32cube.ide.mcu.externaltools.gnu-tools-for-stm32.14.3.rel1.win32_1.0.100.202602081740/tools/bin/../lib/gcc/arm-none-eabi/14.3.1/../../../../arm-none-eabi/lib/thumb/v7e-m+fp/hard/crt0.o (memset)
[...]
Memory Configuration

Name             Origin             Length             Attributes
RAM              0x20000000         0x00020000         xrw
FLASH            0x08000000         0x00080000         xr
*default*        0x00000000         0xffffffff

Linker script and memory map

LOAD C:/ST/STM32CubeIDE_2.2.0/STM32CubeIDE/plugins/com.st.stm32cube.ide.mcu.externaltools.gnu-tools-for-stm32.14.3.rel1.win32_1.0.100.202602081740/tools/bin/../lib/gcc/arm-none-eabi/14.3.1/thumb/v7e-m+fp/hard/crti.o
LOAD C:/ST/STM32CubeIDE_2.2.0/STM32CubeIDE/plugins/com.st.stm32cube.ide.mcu.externaltools.gnu-tools-for-stm32.14.3.rel1.win32_1.0.100.202602081740/tools/bin/../lib/gcc/arm-none-eabi/14.3.1/thumb/v7e-m+fp/hard/crtbegin.o
LOAD C:/ST/STM32CubeIDE_2.2.0/STM32CubeIDE/plugins/com.st.stm32cube.ide.mcu.externaltools.gnu-tools-for-stm32.14.3.rel1.win32_1.0.100.202602081740/tools/bin/../lib/gcc/arm-none-eabi/14.3.1/../../../../arm-none-eabi/lib/thumb/v7e-m+fp/hard/crt0.o
LOAD ./Core/Src/debug_utils.o
LOAD ./Core/Src/imu.o
LOAD ./Core/Src/main.o
LOAD ./Core/Src/obd.o
LOAD ./Core/Src/servo.o
LOAD ./Core/Src/stm32g4xx_hal_msp.o
LOAD ./Core/Src/stm32g4xx_it.o
LOAD ./Core/Src/syscalls.o
LOAD ./Core/Src/sysmem.o
LOAD ./Core/Src/system_stm32g4xx.o
LOAD ./Core/Src/wing_control.o
LOAD ./Core/Startup/startup_stm32g474retx.o
LOAD ./Drivers/BSP/STM32G4xx_Nucleo/stm32g4xx_nucleo.o
LOAD ./Drivers/STM32G4xx_HAL_Driver/Src/stm32g4xx_hal.o
LOAD ./Drivers/STM32G4xx_HAL_Driver/Src/stm32g4xx_hal_cortex.o
LOAD ./Drivers/STM32G4xx_HAL_Driver/Src/stm32g4xx_hal_dma.o
LOAD ./Drivers/STM32G4xx_HAL_Driver/Src/stm32g4xx_hal_dma_ex.o
LOAD ./Drivers/STM32G4xx_HAL_Driver/Src/stm32g4xx_hal_exti.o
LOAD ./Drivers/STM32G4xx_HAL_Driver/Src/stm32g4xx_hal_fdcan.o
LOAD ./Drivers/STM32G4xx_HAL_Driver/Src/stm32g4xx_hal_flash.o
LOAD ./Drivers/STM32G4xx_HAL_Driver/Src/stm32g4xx_hal_flash_ex.o
LOAD ./Drivers/STM32G4xx_HAL_Driver/Src/stm32g4xx_hal_flash_ramfunc.o
LOAD ./Drivers/STM32G4xx_HAL_Driver/Src/stm32g4xx_hal_gpio.o
LOAD ./Drivers/STM32G4xx_HAL_Driver/Src/stm32g4xx_hal_i2c.o
LOAD ./Drivers/STM32G4xx_HAL_Driver/Src/stm32g4xx_hal_i2c_ex.o
LOAD ./Drivers/STM32G4xx_HAL_Driver/Src/stm32g4xx_hal_pwr.o
LOAD ./Drivers/STM32G4xx_HAL_Driver/Src/stm32g4xx_hal_pwr_ex.o
LOAD ./Drivers/STM32G4xx_HAL_Driver/Src/stm32g4xx_hal_rcc.o
LOAD ./Drivers/STM32G4xx_HAL_Driver/Src/stm32g4xx_hal_rcc_ex.o
LOAD ./Drivers/STM32G4xx_HAL_Driver/Src/stm32g4xx_hal_tim.o
LOAD ./Drivers/STM32G4xx_HAL_Driver/Src/stm32g4xx_hal_tim_ex.o
LOAD ./Drivers/STM32G4xx_HAL_Driver/Src/stm32g4xx_hal_uart.o
LOAD ./Drivers/STM32G4xx_HAL_Driver/Src/stm32g4xx_hal_uart_ex.o
LOAD ./Drivers/STM32G4xx_HAL_Driver/Src/stm32g4xx_hal_usart.o
LOAD ./Drivers/STM32G4xx_HAL_Driver/Src/stm32g4xx_hal_usart_ex.o
START GROUP
LOAD C:/ST/STM32CubeIDE_2.2.0/STM32CubeIDE/plugins/com.st.stm32cube.ide.mcu.externaltools.gnu-tools-for-stm32.14.3.rel1.win32_1.0.100.202602081740/tools/bin/../lib/gcc/arm-none-eabi/14.3.1/../../../../arm-none-eabi/lib/thumb/v7e-m+fp/hard\libc_nano.a
LOAD C:/ST/STM32CubeIDE_2.2.0/STM32CubeIDE/plugins/com.st.stm32cube.ide.mcu.externaltools.gnu-tools-for-stm32.14.3.rel1.win32_1.0.100.202602081740/tools/bin/../lib/gcc/arm-none-eabi/14.3.1/../../../../arm-none-eabi/lib/thumb/v7e-m+fp/hard\libm.a
END GROUP
START GROUP
LOAD C:/ST/STM32CubeIDE_2.2.0/STM32CubeIDE/plugins/com.st.stm32cube.ide.mcu.externaltools.gnu-tools-for-stm32.14.3.rel1.win32_1.0.100.202602081740/tools/bin/../lib/gcc/arm-none-eabi/14.3.1/thumb/v7e-m+fp/hard\libgcc.a
LOAD C:/ST/STM32CubeIDE_2.2.0/STM32CubeIDE/plugins/com.st.stm32cube.ide.mcu.externaltools.gnu-tools-for-stm32.14.3.rel1.win32_1.0.100.202602081740/tools/bin/../lib/gcc/arm-none-eabi/14.3.1/../../../../arm-none-eabi/lib/thumb/v7e-m+fp/hard\libc_nano.a
END GROUP
START GROUP
LOAD C:/ST/STM32CubeIDE_2.2.0/STM32CubeIDE/plugins/com.st.stm32cube.ide.mcu.externaltools.gnu-tools-for-stm32.14.3.rel1.win32_1.0.100.202602081740/tools/bin/../lib/gcc/arm-none-eabi/14.3.1/thumb/v7e-m+fp/hard\libgcc.a
LOAD C:/ST/STM32CubeIDE_2.2.0/STM32CubeIDE/plugins/com.st.stm32cube.ide.mcu.externaltools.gnu-tools-for-stm32.14.3.rel1.win32_1.0.100.202602081740/tools/bin/../lib/gcc/arm-none-eabi/14.3.1/../../../../arm-none-eabi/lib/thumb/v7e-m+fp/hard\libc_nano.a
LOAD C:/ST/STM32CubeIDE_2.2.0/STM32CubeIDE/plugins/com.st.stm32cube.ide.mcu.externaltools.gnu-tools-for-stm32.14.3.rel1.win32_1.0.100.202602081740/tools/bin/../lib/gcc/arm-none-eabi/14.3.1/../../../../arm-none-eabi/lib/thumb/v7e-m+fp/hard\libnosys.a
END GROUP
START GROUP
LOAD C:/ST/STM32CubeIDE_2.2.0/STM32CubeIDE/plugins/com.st.stm32cube.ide.mcu.externaltools.gnu-tools-for-stm32.14.3.rel1.win32_1.0.100.202602081740/tools/bin/../lib/gcc/arm-none-eabi/14.3.1/thumb/v7e-m+fp/hard\libgcc.a
LOAD C:/ST/STM32CubeIDE_2.2.0/STM32CubeIDE/plugins/com.st.stm32cube.ide.mcu.externaltools.gnu-tools-for-stm32.14.3.rel1.win32_1.0.100.202602081740/tools/bin/../lib/gcc/arm-none-eabi/14.3.1/../../../../arm-none-eabi/lib/thumb/v7e-m+fp/hard\libc_nano.a
LOAD C:/ST/STM32CubeIDE_2.2.0/STM32CubeIDE/plugins/com.st.stm32cube.ide.mcu.externaltools.gnu-tools-for-stm32.14.3.rel1.win32_1.0.100.202602081740/tools/bin/../lib/gcc/arm-none-eabi/14.3.1/../../../../arm-none-eabi/lib/thumb/v7e-m+fp/hard\libnosys.a
END GROUP
LOAD C:/ST/STM32CubeIDE_2.2.0/STM32CubeIDE/plugins/com.st.stm32cube.ide.mcu.externaltools.gnu-tools-for-stm32.14.3.rel1.win32_1.0.100.202602081740/tools/bin/../lib/gcc/arm-none-eabi/14.3.1/thumb/v7e-m+fp/hard/crtend.o
LOAD C:/ST/STM32CubeIDE_2.2.0/STM32CubeIDE/plugins/com.st.stm32cube.ide.mcu.externaltools.gnu-tools-for-stm32.14.3.rel1.win32_1.0.100.202602081740/tools/bin/../lib/gcc/arm-none-eabi/14.3.1/thumb/v7e-m+fp/hard/crtn.o
                0x20020000                        _estack = (ORIGIN (RAM) + LENGTH (RAM))
                0x00000200                        _Min_Heap_Size = 0x200
                0x00000400                        _Min_Stack_Size = 0x400

.isr_vector     0x08000000      0x1d8
                0x08000000                        . = ALIGN (0x4)
 *(.isr_vector)
 .isr_vector    0x08000000      0x1d8 ./Core/Startup/startup_stm32g474retx.o
                0x08000000                g_pfnVectors
                0x080001d8                        . = ALIGN (0x4)

.text           0x080001e0     0x78ac
                0x080001e0                        . = ALIGN (0x4)
 *(.text)
 .text          0x080001e0       0x40 C:/ST/STM32CubeIDE_2.2.0/STM32CubeIDE/plugins/com.st.stm32cube.ide.mcu.externaltools.gnu-tools-for-stm32.14.3.rel1.win32_1.0.100.202602081740/tools/bin/../lib/gcc/arm-none-eabi/14.3.1/thumb/v7e-m+fp/hard/crtbegin.o
 .text          0x08000220       0xa0 C:/ST/STM32CubeIDE_2.2.0/STM32CubeIDE/plugins/com.st.stm32cube.ide.mcu.externaltools.gnu-tools-for-stm32.14.3.rel1.win32_1.0.100.202602081740/tools/bin/../lib/gcc/arm-none-eabi/14.3.1/../../../../arm-none-eabi/lib/thumb/v7e-m+fp/hard\libc_nano.a(libc_a-memchr.o)
                0x08000220                memchr
 .text          0x080002c0       0x30 C:/ST/STM32CubeIDE_2.2.0/STM32CubeIDE/plugins/com.st.stm32cube.ide.mcu.externaltools.gnu-tools-for-stm32.14.3.rel1.win32_1.0.100.202602081740/tools/bin/../lib/gcc/arm-none-eabi/14.3.1/thumb/v7e-m+fp/hard\libgcc.a(_aeabi_uldivmod.o)
                0x080002c0                __aeabi_uldivmod
 .text          0x080002f0      0x2f8 C:/ST/STM32CubeIDE_2.2.0/STM32CubeIDE/plugins/com.st.stm32cube.ide.mcu.externaltools.gnu-tools-for-stm32.14.3.rel1.win32_1.0.100.202602081740/tools/bin/../lib/gcc/arm-none-eabi/14.3.1/thumb/v7e-m+fp/hard\libgcc.a(_udivmoddi4.o)
                0x080002f0                __udivmoddi4
 .text          0x080005e8        0x4 C:/ST/STM32CubeIDE_2.2.0/STM32CubeIDE/plugins/com.st.stm32cube.ide.mcu.externaltools.gnu-tools-for-stm32.14.3.rel1.win32_1.0.100.202602081740/tools/bin/../lib/gcc/arm-none-eabi/14.3.1/thumb/v7e-m+fp/hard\libgcc.a(_dvmd_tls.o)
                0x080005e8                __aeabi_idiv0
                0x080005e8                __aeabi_ldiv0
 *(.text*)
 .text.WingState_ToString
                0x080005ec       0x48 ./Core/Src/debug_utils.o
                0x080005ec                WingState_ToString
 .text.Print_Signed_X10
                0x08000634       0x5c ./Core/Src/debug_utils.o
                0x08000634                Print_Signed_X10
 .text.Print_Signed_mG_As_G
                0x08000690       0x58 ./Core/Src/debug_utils.o
                0x08000690                Print_Signed_mG_As_G
 .text.LSM6DSO_ReadReg
                0x080006e8       0x3c ./Core/Src/imu.o
 .text.LSM6DSO_WriteReg
                0x08000724       0x40 ./Core/Src/imu.o
 .text.LSM6DSO_ReadMulti
                0x08000764       0x40 ./Core/Src/imu.o
 .text.LSM6DSO_AccelRaw_To_mG
                0x080007a4       0x34 ./Core/Src/imu.o
 .text.LSM6DSO_Init
                0x080007d8      0x110 ./Core/Src/imu.o
                0x080007d8                LSM6DSO_Init
 .text.LSM6DSO_ReadAccel_mG
                0x080008e8       0x8e ./Core/Src/imu.o
 .text.Abs32    0x08000976       0x22 ./Core/Src/imu.o
 .text.IMU_SelectAxis_mG
                0x08000998       0x3c ./Core/Src/imu.o
 .text.IMU_UpdateCornerDetection
                0x080009d4      0x174 ./Core/Src/imu.o
 .text.IMU_Task
                0x08000b48       0x2c ./Core/Src/imu.o
                0x08000b48                IMU_Task
 .text.IMU_PrintCornerInline
                0x08000b74       0x78 ./Core/Src/imu.o
                0x08000b74                IMU_PrintCornerInline
 .text.IMU_IsCornerDetected
                0x08000bec       0x18 ./Core/Src/imu.o
                0x08000bec                IMU_IsCornerDetected
 .text.IMU_TakeCornerDetectedEvent
                0x08000c04       0x24 ./Core/Src/imu.o
                0x08000c04                IMU_TakeCornerDetectedEvent
 .text.main     0x08000c28      0x10c ./Core/Src/main.o
                0x08000c28                main
 .text.SystemClock_Config
                0x08000d34       0x96 ./Core/Src/main.o
                0x08000d34                SystemClock_Config
 *fill*         0x08000dca        0x2 
 .text.MX_FDCAN1_Init
                0x08000dcc       0x8c ./Core/Src/main.o
 .text.MX_I2C1_Init
                0x08000e58       0x80 ./Core/Src/main.o
 .text.MX_TIM2_Init
                0x08000ed8       0xec ./Core/Src/main.o
 .text.MX_GPIO_Init
                0x08000fc4       0x78 ./Core/Src/main.o
 .text.BSP_PB_Callback
                0x0800103c       0x28 ./Core/Src/main.o
                0x0800103c                BSP_PB_Callback
 .text.Error_Handler
                0x08001064        0xc ./Core/Src/main.o
                0x08001064                Error_Handler
 .text.FDCAN_DLC_ToBytes
                0x08001070       0x6c ./Core/Src/obd.o
 .text.CAN_Test_Init
                0x080010dc       0xb0 ./Core/Src/obd.o
                0x080010dc                CAN_Test_Init
 .text.CAN_Send_OBD_Request
                0x0800118c       0xa0 ./Core/Src/obd.o
                0x0800118c                CAN_Send_OBD_Request
 .text.CAN_Poll_Rx
                0x0800122c       0xd0 ./Core/Src/obd.o
                0x0800122c                CAN_Poll_Rx
 .text.Servo_SetPulseUs
                0x080012fc       0x48 ./Core/Src/servo.o
 .text.Servo_SetWingState
                0x08001344       0x4c ./Core/Src/servo.o
                0x08001344                Servo_SetWingState
 .text.Servo_UpdateWingStateIfChanged
                0x08001390       0x60 ./Core/Src/servo.o
                0x08001390                Servo_UpdateWingStateIfChanged
 .text.HAL_MspInit
                0x080013f0       0x48 ./Core/Src/stm32g4xx_hal_msp.o
                0x080013f0                HAL_MspInit
 .text.HAL_FDCAN_MspInit
                0x08001438       0xb4 ./Core/Src/stm32g4xx_hal_msp.o
                0x08001438                HAL_FDCAN_MspInit
 .text.HAL_I2C_MspInit
                0x080014ec       0xb4 ./Core/Src/stm32g4xx_hal_msp.o
                0x080014ec                HAL_I2C_MspInit
 .text.HAL_TIM_Base_MspInit
                0x080015a0       0x3c ./Core/Src/stm32g4xx_hal_msp.o
                0x080015a0                HAL_TIM_Base_MspInit
 .text.HAL_TIM_MspPostInit
                0x080015dc       0x68 ./Core/Src/stm32g4xx_hal_msp.o
                0x080015dc                HAL_TIM_MspPostInit
 .text.NMI_Handler
                0x08001644        0x8 ./Core/Src/stm32g4xx_it.o
                0x08001644                NMI_Handler
 .text.HardFault_Handler
                0x0800164c        0x8 ./Core/Src/stm32g4xx_it.o
                0x0800164c                HardFault_Handler
 .text.MemManage_Handler
                0x08001654        0x8 ./Core/Src/stm32g4xx_it.o
                0x08001654                MemManage_Handler
 .text.BusFault_Handler
                0x0800165c        0x8 ./Core/Src/stm32g4xx_it.o
                0x0800165c                BusFault_Handler
 .text.UsageFault_Handler
                0x08001664        0x8 ./Core/Src/stm32g4xx_it.o
                0x08001664                UsageFault_Handler
 .text.SVC_Handler
                0x0800166c        0xe ./Core/Src/stm32g4xx_it.o
                0x0800166c                SVC_Handler
 .text.DebugMon_Handler
                0x0800167a        0xe ./Core/Src/stm32g4xx_it.o
                0x0800167a                DebugMon_Handler
 .text.PendSV_Handler
                0x08001688        0xe ./Core/Src/stm32g4xx_it.o
                0x08001688                PendSV_Handler
 .text.SysTick_Handler
                0x08001696        0xc ./Core/Src/stm32g4xx_it.o
                0x08001696                SysTick_Handler
 .text.EXTI15_10_IRQHandler
                0x080016a2        0xe ./Core/Src/stm32g4xx_it.o
                0x080016a2                EXTI15_10_IRQHandler
 .text._read    0x080016b0       0x3a ./Core/Src/syscalls.o
                0x080016b0                _read
 .text._write   0x080016ea       0x38 ./Core/Src/syscalls.o
                0x080016ea                _write
 .text._close   0x08001722       0x18 ./Core/Src/syscalls.o
                0x08001722                _close
 .text._fstat   0x0800173a       0x20 ./Core/Src/syscalls.o
                0x0800173a                _fstat
 .text._isatty  0x0800175a       0x16 ./Core/Src/syscalls.o
                0x0800175a                _isatty
 .text._lseek   0x08001770       0x1a ./Core/Src/syscalls.o
                0x08001770                _lseek
 *fill*         0x0800178a        0x2 
 .text._sbrk    0x0800178c       0x6c ./Core/Src/sysmem.o
                0x0800178c                _sbrk
 .text.SystemInit
                0x080017f8       0x24 ./Core/Src/system_stm32g4xx.o
                0x080017f8                SystemInit
 .text.RateX10_To_mG
                0x0800181c       0x30 ./Core/Src/wing_control.o
 .text.Control_ForceNormalForCorner
                0x0800184c       0x30 ./Core/Src/wing_control.o
                0x0800184c                Control_ForceNormalForCorner
 .text.Control_Update_From_Speed
                0x0800187c      0x2cc ./Core/Src/wing_control.o
                0x0800187c                Control_Update_From_Speed
 .text.Reset_Handler
                0x08001b48       0x50 ./Core/Startup/startup_stm32g474retx.o
                0x08001b48                Reset_Handler
 .text.Default_Handler
                0x08001b98        0x2 ./Core/Startup/startup_stm32g474retx.o
                0x08001b98                RTC_Alarm_IRQHandler
                0x08001b98                EXTI2_IRQHandler
                0x08001b98                TIM8_TRG_COM_IRQHandler
                0x08001b98                TIM8_CC_IRQHandler
                0x08001b98                HRTIM1_Master_IRQHandler
                0x08001b98                SPI4_IRQHandler
                0x08001b98                FDCAN3_IT0_IRQHandler
                0x08001b98                TIM1_CC_IRQHandler
                0x08001b98                HRTIM1_FLT_IRQHandler
                0x08001b98                HRTIM1_TIMF_IRQHandler
                0x08001b98                USB_HP_IRQHandler
                0x08001b98                CORDIC_IRQHandler
                0x08001b98                HRTIM1_TIMD_IRQHandler
                0x08001b98                DMA2_Channel8_IRQHandler
                0x08001b98                EXTI3_IRQHandler
                0x08001b98                I2C3_ER_IRQHandler
                0x08001b98                EXTI0_IRQHandler
                0x08001b98                I2C2_EV_IRQHandler
                0x08001b98                FPU_IRQHandler
                0x08001b98                FDCAN1_IT1_IRQHandler
                0x08001b98                TIM1_UP_TIM16_IRQHandler
                0x08001b98                ADC1_2_IRQHandler
                0x08001b98                HRTIM1_TIME_IRQHandler
                0x08001b98                SPI1_IRQHandler
                0x08001b98                TIM6_DAC_IRQHandler
                0x08001b98                HRTIM1_TIMC_IRQHandler
                0x08001b98                TIM8_UP_IRQHandler
                0x08001b98                DMA2_Channel2_IRQHandler
                0x08001b98                DMA1_Channel4_IRQHandler
                0x08001b98                TIM20_TRG_COM_IRQHandler
                0x08001b98                USART3_IRQHandler
                0x08001b98                DMA1_Channel7_IRQHandler
                0x08001b98                UART5_IRQHandler
                0x08001b98                ADC3_IRQHandler
                0x08001b98                TIM4_IRQHandler
                0x08001b98                DMA2_Channel1_IRQHandler
                0x08001b98                QUADSPI_IRQHandler
                0x08001b98                I2C1_EV_IRQHandler
                0x08001b98                DMA1_Channel6_IRQHandler
                0x08001b98                UART4_IRQHandler
                0x08001b98                DMA2_Channel4_IRQHandler
                0x08001b98                TIM3_IRQHandler
                0x08001b98                RCC_IRQHandler
                0x08001b98                TIM20_UP_IRQHandler
                0x08001b98                DMA1_Channel1_IRQHandler
                0x08001b98                Default_Handler
                0x08001b98                DMA2_Channel7_IRQHandler
                0x08001b98                RTC_TAMP_LSECSS_IRQHandler
                0x08001b98                FMAC_IRQHandler
                0x08001b98                DMA1_Channel8_IRQHandler
                0x08001b98                HRTIM1_TIMA_IRQHandler
                0x08001b98                TIM7_DAC_IRQHandler
                0x08001b98                FDCAN3_IT1_IRQHandler
                0x08001b98                TIM5_IRQHandler
                0x08001b98                UCPD1_IRQHandler
                0x08001b98                I2C3_EV_IRQHandler
                0x08001b98                EXTI9_5_IRQHandler
                0x08001b98                RTC_WKUP_IRQHandler
                0x08001b98                PVD_PVM_IRQHandler
                0x08001b98                SPI2_IRQHandler
                0x08001b98                ADC5_IRQHandler
                0x08001b98                DMA2_Channel5_IRQHandler
                0x08001b98                CRS_IRQHandler
                0x08001b98                DMA1_Channel5_IRQHandler
                0x08001b98                USB_LP_IRQHandler
                0x08001b98                EXTI4_IRQHandler
                0x08001b98                RNG_IRQHandler
                0x08001b98                HRTIM1_TIMB_IRQHandler
                0x08001b98                TIM1_TRG_COM_TIM17_IRQHandler
                0x08001b98                FDCAN2_IT1_IRQHandler
                0x08001b98                DMA1_Channel3_IRQHandler
                0x08001b98                ADC4_IRQHandler
                0x08001b98                WWDG_IRQHandler
                0x08001b98                I2C4_EV_IRQHandler
                0x08001b98                FDCAN2_IT0_IRQHandler
                0x08001b98                LPUART1_IRQHandler
                0x08001b98                DMA2_Channel6_IRQHandler
                0x08001b98                FDCAN1_IT0_IRQHandler
                0x08001b98                TIM2_IRQHandler
                0x08001b98                COMP7_IRQHandler
                0x08001b98                COMP1_2_3_IRQHandler
                0x08001b98                EXTI1_IRQHandler
                0x08001b98                USART2_IRQHandler
                0x08001b98                COMP4_5_6_IRQHandler
                0x08001b98                TIM20_BRK_IRQHandler
                0x08001b98                I2C2_ER_IRQHandler
                0x08001b98                DMA1_Channel2_IRQHandler
                0x08001b98                TIM8_BRK_IRQHandler
                0x08001b98                FLASH_IRQHandler
                0x08001b98                TIM20_CC_IRQHandler
                0x08001b98                USART1_IRQHandler
                0x08001b98                SPI3_IRQHandler
                0x08001b98                I2C1_ER_IRQHandler
                0x08001b98                FMC_IRQHandler
                0x08001b98                LPTIM1_IRQHandler
                0x08001b98                DMAMUX_OVR_IRQHandler
                0x08001b98                I2C4_ER_IRQHandler
                0x08001b98                USBWakeUp_IRQHandler
                0x08001b98                SAI1_IRQHandler
                0x08001b98                DMA2_Channel3_IRQHandler
                0x08001b98                TIM1_BRK_TIM15_IRQHandler
 *fill*         0x08001b9a        0x2 
 .text.BSP_LED_Init
                0x08001b9c       0x6c ./Drivers/BSP/STM32G4xx_Nucleo/stm32g4xx_nucleo.o
                0x08001b9c                BSP_LED_Init
 .text.BSP_LED_On
                0x08001c08       0x2c ./Drivers/BSP/STM32G4xx_Nucleo/stm32g4xx_nucleo.o
                0x08001c08                BSP_LED_On
 .text.BSP_LED_Toggle
                0x08001c34       0x2c ./Drivers/BSP/STM32G4xx_Nucleo/stm32g4xx_nucleo.o
                0x08001c34                BSP_LED_Toggle
 .text.BSP_PB_Init
                0x08001c60       0xdc ./Drivers/BSP/STM32G4xx_Nucleo/stm32g4xx_nucleo.o
                0x08001c60                BSP_PB_Init
 .text.BSP_PB_IRQHandler
                0x08001d3c       0x24 ./Drivers/BSP/STM32G4xx_Nucleo/stm32g4xx_nucleo.o
                0x08001d3c                BSP_PB_IRQHandler
 .text.BSP_COM_Init
                0x08001d60       0x60 ./Drivers/BSP/STM32G4xx_Nucleo/stm32g4xx_nucleo.o
                0x08001d60                BSP_COM_Init
 .text.MX_LPUART1_Init
                0x08001dc0       0x64 ./Drivers/BSP/STM32G4xx_Nucleo/stm32g4xx_nucleo.o
                0x08001dc0                MX_LPUART1_Init
 .text.__io_putchar
                0x08001e24       0x38 ./Drivers/BSP/STM32G4xx_Nucleo/stm32g4xx_nucleo.o
                0x08001e24                __io_putchar
 .text.BUTTON_USER_EXTI_Callback
                0x08001e5c        0xe ./Drivers/BSP/STM32G4xx_Nucleo/stm32g4xx_nucleo.o
 *fill*         0x08001e6a        0x2 
 .text.COM1_MspInit
                0x08001e6c       0x98 ./Drivers/BSP/STM32G4xx_Nucleo/stm32g4xx_nucleo.o
 .text.HAL_Init
                0x08001f04       0x30 ./Drivers/STM32G4xx_HAL_Driver/Src/stm32g4xx_hal.o
                0x08001f04                HAL_Init
 .text.HAL_InitTick
                0x08001f34       0x74 ./Drivers/STM32G4xx_HAL_Driver/Src/stm32g4xx_hal.o
                0x08001f34                HAL_InitTick
 .text.HAL_IncTick
                0x08001fa8       0x24 ./Drivers/STM32G4xx_HAL_Driver/Src/stm32g4xx_hal.o
                0x08001fa8                HAL_IncTick
 .text.HAL_GetTick
                0x08001fcc       0x18 ./Drivers/STM32G4xx_HAL_Driver/Src/stm32g4xx_hal.o
                0x08001fcc                HAL_GetTick
 .text.HAL_Delay
                0x08001fe4       0x44 ./Drivers/STM32G4xx_HAL_Driver/Src/stm32g4xx_hal.o
                0x08001fe4                HAL_Delay
 .text.__NVIC_SetPriorityGrouping
                0x08002028       0x48 ./Drivers/STM32G4xx_HAL_Driver/Src/stm32g4xx_hal_cortex.o
 .text.__NVIC_GetPriorityGrouping
                0x08002070       0x1c ./Drivers/STM32G4xx_HAL_Driver/Src/stm32g4xx_hal_cortex.o
 .text.__NVIC_EnableIRQ
                0x0800208c       0x3c ./Drivers/STM32G4xx_HAL_Driver/Src/stm32g4xx_hal_cortex.o
 .text.__NVIC_SetPriority
                0x080020c8       0x54 ./Drivers/STM32G4xx_HAL_Driver/Src/stm32g4xx_hal_cortex.o
 .text.NVIC_EncodePriority
                0x0800211c       0x66 ./Drivers/STM32G4xx_HAL_Driver/Src/stm32g4xx_hal_cortex.o
 *fill*         0x08002182        0x2 
 .text.SysTick_Config
                0x08002184       0x44 ./Drivers/STM32G4xx_HAL_Driver/Src/stm32g4xx_hal_cortex.o
 .text.HAL_NVIC_SetPriorityGrouping
                0x080021c8       0x16 ./Drivers/STM32G4xx_HAL_Driver/Src/stm32g4xx_hal_cortex.o
                0x080021c8                HAL_NVIC_SetPriorityGrouping
 .text.HAL_NVIC_SetPriority
                0x080021de       0x34 ./Drivers/STM32G4xx_HAL_Driver/Src/stm32g4xx_hal_cortex.o
                0x080021de                HAL_NVIC_SetPriority
 .text.HAL_NVIC_EnableIRQ
                0x08002212       0x1c ./Drivers/STM32G4xx_HAL_Driver/Src/stm32g4xx_hal_cortex.o
                0x08002212                HAL_NVIC_EnableIRQ
 .text.HAL_SYSTICK_Config
                0x0800222e       0x18 ./Drivers/STM32G4xx_HAL_Driver/Src/stm32g4xx_hal_cortex.o
                0x0800222e                HAL_SYSTICK_Config
 .text.HAL_EXTI_RegisterCallback
                0x08002246       0x3a ./Drivers/STM32G4xx_HAL_Driver/Src/stm32g4xx_hal_exti.o
                0x08002246                HAL_EXTI_RegisterCallback
 .text.HAL_EXTI_GetHandle
                0x08002280       0x28 ./Drivers/STM32G4xx_HAL_Driver/Src/stm32g4xx_hal_exti.o
                0x08002280                HAL_EXTI_GetHandle
 .text.HAL_EXTI_IRQHandler
                0x080022a8       0x60 ./Drivers/STM32G4xx_HAL_Driver/Src/stm32g4xx_hal_exti.o
                0x080022a8                HAL_EXTI_IRQHandler
 .text.HAL_FDCAN_Init
                0x08002308      0x2b4 ./Drivers/STM32G4xx_HAL_Driver/Src/stm32g4xx_hal_fdcan.o
                0x08002308                HAL_FDCAN_Init
 .text.HAL_FDCAN_ConfigFilter
                0x080025bc       0xb4 ./Drivers/STM32G4xx_HAL_Driver/Src/stm32g4xx_hal_fdcan.o
                0x080025bc                HAL_FDCAN_ConfigFilter
 .text.HAL_FDCAN_ConfigGlobalFilter
                0x08002670       0x62 ./Drivers/STM32G4xx_HAL_Driver/Src/stm32g4xx_hal_fdcan.o
                0x08002670                HAL_FDCAN_ConfigGlobalFilter
 .text.HAL_FDCAN_Start
                0x080026d2       0x50 ./Drivers/STM32G4xx_HAL_Driver/Src/stm32g4xx_hal_fdcan.o
                0x080026d2                HAL_FDCAN_Start
 .text.HAL_FDCAN_AddMessageToTxFifoQ
                0x08002722       0x88 ./Drivers/STM32G4xx_HAL_Driver/Src/stm32g4xx_hal_fdcan.o
                0x08002722                HAL_FDCAN_AddMessageToTxFifoQ
 *fill*         0x080027aa        0x2 
 .text.HAL_FDCAN_GetRxMessage
                0x080027ac      0x210 ./Drivers/STM32G4xx_HAL_Driver/Src/stm32g4xx_hal_fdcan.o
                0x080027ac                HAL_FDCAN_GetRxMessage
 .text.HAL_FDCAN_GetRxFifoFillLevel
                0x080029bc       0x3c ./Drivers/STM32G4xx_HAL_Driver/Src/stm32g4xx_hal_fdcan.o
                0x080029bc                HAL_FDCAN_GetRxFifoFillLevel
 .text.FDCAN_CalcultateRamBlockAddresses
                0x080029f8       0xd8 ./Drivers/STM32G4xx_HAL_Driver/Src/stm32g4xx_hal_fdcan.o
 .text.FDCAN_CopyMessageToRAM
                0x08002ad0       0xf8 ./Drivers/STM32G4xx_HAL_Driver/Src/stm32g4xx_hal_fdcan.o
 .text.HAL_GPIO_Init
                0x08002bc8      0x318 ./Drivers/STM32G4xx_HAL_Driver/Src/stm32g4xx_hal_gpio.o
                0x08002bc8                HAL_GPIO_Init
 .text.HAL_GPIO_WritePin
                0x08002ee0       0x30 ./Drivers/STM32G4xx_HAL_Driver/Src/stm32g4xx_hal_gpio.o
                0x08002ee0                HAL_GPIO_WritePin
 .text.HAL_GPIO_TogglePin
                0x08002f10       0x34 ./Drivers/STM32G4xx_HAL_Driver/Src/stm32g4xx_hal_gpio.o
                0x08002f10                HAL_GPIO_TogglePin
 .text.HAL_I2C_Init
                0x08002f44      0x136 ./Drivers/STM32G4xx_HAL_Driver/Src/stm32g4xx_hal_i2c.o
                0x08002f44                HAL_I2C_Init
 *fill*         0x0800307a        0x2 
 .text.HAL_I2C_Mem_Write
                0x0800307c      0x228 ./Drivers/STM32G4xx_HAL_Driver/Src/stm32g4xx_hal_i2c.o
                0x0800307c                HAL_I2C_Mem_Write
 .text.HAL_I2C_Mem_Read
                0x080032a4      0x234 ./Drivers/STM32G4xx_HAL_Driver/Src/stm32g4xx_hal_i2c.o
                0x080032a4                HAL_I2C_Mem_Read
 .text.I2C_RequestMemoryWrite
                0x080034d8       0xa8 ./Drivers/STM32G4xx_HAL_Driver/Src/stm32g4xx_hal_i2c.o
 .text.I2C_RequestMemoryRead
                0x08003580       0xa8 ./Drivers/STM32G4xx_HAL_Driver/Src/stm32g4xx_hal_i2c.o
 .text.I2C_Flush_TXDR
                0x08003628       0x48 ./Drivers/STM32G4xx_HAL_Driver/Src/stm32g4xx_hal_i2c.o
 .text.I2C_WaitOnFlagUntilTimeout
                0x08003670       0xb2 ./Drivers/STM32G4xx_HAL_Driver/Src/stm32g4xx_hal_i2c.o
 .text.I2C_WaitOnTXISFlagUntilTimeout
                0x08003722       0x8e ./Drivers/STM32G4xx_HAL_Driver/Src/stm32g4xx_hal_i2c.o
 .text.I2C_WaitOnSTOPFlagUntilTimeout
                0x080037b0       0x86 ./Drivers/STM32G4xx_HAL_Driver/Src/stm32g4xx_hal_i2c.o
 *fill*         0x08003836        0x2 
 .text.I2C_IsErrorOccurred
                0x08003838      0x1c0 ./Drivers/STM32G4xx_HAL_Driver/Src/stm32g4xx_hal_i2c.o
 .text.I2C_TransferConfig
                0x080039f8       0x64 ./Drivers/STM32G4xx_HAL_Driver/Src/stm32g4xx_hal_i2c.o
 .text.HAL_I2CEx_ConfigAnalogFilter
                0x08003a5c       0x96 ./Drivers/STM32G4xx_HAL_Driver/Src/stm32g4xx_hal_i2c_ex.o
                0x08003a5c                HAL_I2CEx_ConfigAnalogFilter
 .text.HAL_I2CEx_ConfigDigitalFilter
                0x08003af2       0x98 ./Drivers/STM32G4xx_HAL_Driver/Src/stm32g4xx_hal_i2c_ex.o
                0x08003af2                HAL_I2CEx_ConfigDigitalFilter
 *fill*         0x08003b8a        0x2 
 .text.HAL_PWREx_ControlVoltageScaling
                0x08003b8c      0x148 ./Drivers/STM32G4xx_HAL_Driver/Src/stm32g4xx_hal_pwr_ex.o
                0x08003b8c                HAL_PWREx_ControlVoltageScaling
 .text.HAL_PWREx_DisableUCPDDeadBattery
                0x08003cd4       0x20 ./Drivers/STM32G4xx_HAL_Driver/Src/stm32g4xx_hal_pwr_ex.o
                0x08003cd4                HAL_PWREx_DisableUCPDDeadBattery
 .text.HAL_RCC_OscConfig
                0x08003cf4      0x624 ./Drivers/STM32G4xx_HAL_Driver/Src/stm32g4xx_hal_rcc.o
                0x08003cf4                HAL_RCC_OscConfig
 .text.HAL_RCC_ClockConfig
                0x08004318      0x278 ./Drivers/STM32G4xx_HAL_Driver/Src/stm32g4xx_hal_rcc.o
                0x08004318                HAL_RCC_ClockConfig
 .text.HAL_RCC_GetSysClockFreq
                0x08004590       0xc4 ./Drivers/STM32G4xx_HAL_Driver/Src/stm32g4xx_hal_rcc.o
                0x08004590                HAL_RCC_GetSysClockFreq
 .text.HAL_RCC_GetHCLKFreq
                0x08004654       0x18 ./Drivers/STM32G4xx_HAL_Driver/Src/stm32g4xx_hal_rcc.o
                0x08004654                HAL_RCC_GetHCLKFreq
 .text.HAL_RCC_GetPCLK1Freq
                0x0800466c       0x2c ./Drivers/STM32G4xx_HAL_Driver/Src/stm32g4xx_hal_rcc.o
                0x0800466c                HAL_RCC_GetPCLK1Freq
 .text.HAL_RCC_GetPCLK2Freq
                0x08004698       0x2c ./Drivers/STM32G4xx_HAL_Driver/Src/stm32g4xx_hal_rcc.o
                0x08004698                HAL_RCC_GetPCLK2Freq
 .text.RCC_GetSysClockFreqFromPLLSource
                0x080046c4       0x8c ./Drivers/STM32G4xx_HAL_Driver/Src/stm32g4xx_hal_rcc.o
 .text.HAL_RCCEx_PeriphCLKConfig
                0x08004750      0x49c ./Drivers/STM32G4xx_HAL_Driver/Src/stm32g4xx_hal_rcc_ex.o
                0x08004750                HAL_RCCEx_PeriphCLKConfig
 .text.HAL_TIM_Base_Init
                0x08004bec       0xae ./Drivers/STM32G4xx_HAL_Driver/Src/stm32g4xx_hal_tim.o
                0x08004bec                HAL_TIM_Base_Init
 .text.HAL_TIM_PWM_Init
                0x08004c9a       0xae ./Drivers/STM32G4xx_HAL_Driver/Src/stm32g4xx_hal_tim.o
                0x08004c9a                HAL_TIM_PWM_Init
 .text.HAL_TIM_PWM_MspInit
                0x08004d48       0x14 ./Drivers/STM32G4xx_HAL_Driver/Src/stm32g4xx_hal_tim.o
                0x08004d48                HAL_TIM_PWM_MspInit
 .text.HAL_TIM_PWM_Start
                0x08004d5c      0x224 ./Drivers/STM32G4xx_HAL_Driver/Src/stm32g4xx_hal_tim.o
                0x08004d5c                HAL_TIM_PWM_Start
 .text.HAL_TIM_PWM_ConfigChannel
                0x08004f80      0x228 ./Drivers/STM32G4xx_HAL_Driver/Src/stm32g4xx_hal_tim.o
                0x08004f80                HAL_TIM_PWM_ConfigChannel
 .text.HAL_TIM_ConfigClockSource
                0x080051a8      0x22c ./Drivers/STM32G4xx_HAL_Driver/Src/stm32g4xx_hal_tim.o
                0x080051a8                HAL_TIM_ConfigClockSource
 .text.TIM_Base_SetConfig
                0x080053d4      0x15c ./Drivers/STM32G4xx_HAL_Driver/Src/stm32g4xx_hal_tim.o
                0x080053d4                TIM_Base_SetConfig
 .text.TIM_OC1_SetConfig
                0x08005530      0x138 ./Drivers/STM32G4xx_HAL_Driver/Src/stm32g4xx_hal_tim.o
 .text.TIM_OC2_SetConfig
                0x08005668      0x12c ./Drivers/STM32G4xx_HAL_Driver/Src/stm32g4xx_hal_tim.o
                0x08005668                TIM_OC2_SetConfig
 .text.TIM_OC3_SetConfig
                0x08005794      0x128 ./Drivers/STM32G4xx_HAL_Driver/Src/stm32g4xx_hal_tim.o
 .text.TIM_OC4_SetConfig
                0x080058bc      0x12c ./Drivers/STM32G4xx_HAL_Driver/Src/stm32g4xx_hal_tim.o
 .text.TIM_OC5_SetConfig
                0x080059e8       0xd4 ./Drivers/STM32G4xx_HAL_Driver/Src/stm32g4xx_hal_tim.o
 .text.TIM_OC6_SetConfig
                0x08005abc       0xd8 ./Drivers/STM32G4xx_HAL_Driver/Src/stm32g4xx_hal_tim.o
 .text.TIM_TI1_ConfigInputStage
                0x08005b94       0xb4 ./Drivers/STM32G4xx_HAL_Driver/Src/stm32g4xx_hal_tim.o
 .text.TIM_TI2_ConfigInputStage
                0x08005c48       0x90 ./Drivers/STM32G4xx_HAL_Driver/Src/stm32g4xx_hal_tim.o
 .text.TIM_ITRx_SetConfig
                0x08005cd8       0x3a ./Drivers/STM32G4xx_HAL_Driver/Src/stm32g4xx_hal_tim.o
 .text.TIM_ETR_SetConfig
                0x08005d12       0x40 ./Drivers/STM32G4xx_HAL_Driver/Src/stm32g4xx_hal_tim.o
                0x08005d12                TIM_ETR_SetConfig
 .text.TIM_CCxChannelCmd
                0x08005d52       0x4a ./Drivers/STM32G4xx_HAL_Driver/Src/stm32g4xx_hal_tim.o
                0x08005d52                TIM_CCxChannelCmd
 .text.HAL_TIMEx_MasterConfigSynchronization
                0x08005d9c      0x12c ./Drivers/STM32G4xx_HAL_Driver/Src/stm32g4xx_hal_tim_ex.o
                0x08005d9c                HAL_TIMEx_MasterConfigSynchronization
 .text.HAL_UART_Init
                0x08005ec8       0xa0 ./Drivers/STM32G4xx_HAL_Driver/Src/stm32g4xx_hal_uart.o
                0x08005ec8                HAL_UART_Init
 .text.HAL_UART_MspInit
                0x08005f68       0x14 ./Drivers/STM32G4xx_HAL_Driver/Src/stm32g4xx_hal_uart.o
                0x08005f68                HAL_UART_MspInit
 .text.HAL_UART_Transmit
                0x08005f7c      0x132 ./Drivers/STM32G4xx_HAL_Driver/Src/stm32g4xx_hal_uart.o
                0x08005f7c                HAL_UART_Transmit
 *fill*         0x080060ae        0x2 
 .text.UART_SetConfig
                0x080060b0      0x5f8 ./Drivers/STM32G4xx_HAL_Driver/Src/stm32g4xx_hal_uart.o
                0x080060b0                UART_SetConfig
 .text.UART_AdvFeatureConfig
                0x080066a8      0x144 ./Drivers/STM32G4xx_HAL_Driver/Src/stm32g4xx_hal_uart.o
                0x080066a8                UART_AdvFeatureConfig
 .text.UART_CheckIdleState
                0x080067ec      0x154 ./Drivers/STM32G4xx_HAL_Driver/Src/stm32g4xx_hal_uart.o
                0x080067ec                UART_CheckIdleState
 .text.UART_WaitOnFlagUntilTimeout
                0x08006940       0xda ./Drivers/STM32G4xx_HAL_Driver/Src/stm32g4xx_hal_uart.o
                0x08006940                UART_WaitOnFlagUntilTimeout
 .text.UART_EndRxTransfer
                0x08006a1a       0xcc ./Drivers/STM32G4xx_HAL_Driver/Src/stm32g4xx_hal_uart.o
 *fill*         0x08006ae6        0x2 
 .text.std      0x08006ae8       0x6c C:/ST/STM32CubeIDE_2.2.0/STM32CubeIDE/plugins/com.st.stm32cube.ide.mcu.externaltools.gnu-tools-for-stm32.14.3.rel1.win32_1.0.100.202602081740/tools/bin/../lib/gcc/arm-none-eabi/14.3.1/../../../../arm-none-eabi/lib/thumb/v7e-m+fp/hard\libc_nano.a(libc_a-findfp.o)
 .text.stdio_exit_handler
                0x08006b54       0x18 C:/ST/STM32CubeIDE_2.2.0/STM32CubeIDE/plugins/com.st.stm32cube.ide.mcu.externaltools.gnu-tools-for-stm32.14.3.rel1.win32_1.0.100.202602081740/tools/bin/../lib/gcc/arm-none-eabi/14.3.1/../../../../arm-none-eabi/lib/thumb/v7e-m+fp/hard\libc_nano.a(libc_a-findfp.o)
 .text.cleanup_stdio
                0x08006b6c       0x40 C:/ST/STM32CubeIDE_2.2.0/STM32CubeIDE/plugins/com.st.stm32cube.ide.mcu.externaltools.gnu-tools-for-stm32.14.3.rel1.win32_1.0.100.202602081740/tools/bin/../lib/gcc/arm-none-eabi/14.3.1/../../../../arm-none-eabi/lib/thumb/v7e-m+fp/hard\libc_nano.a(libc_a-findfp.o)
 .text.global_stdio_init.part.0
                0x08006bac       0x40 C:/ST/STM32CubeIDE_2.2.0/STM32CubeIDE/plugins/com.st.stm32cube.ide.mcu.externaltools.gnu-tools-for-stm32.14.3.rel1.win32_1.0.100.202602081740/tools/bin/../lib/gcc/arm-none-eabi/14.3.1/../../../../arm-none-eabi/lib/thumb/v7e-m+fp/hard\libc_nano.a(libc_a-findfp.o)
 .text.__sfp_lock_acquire
                0x08006bec        0xc C:/ST/STM32CubeIDE_2.2.0/STM32CubeIDE/plugins/com.st.stm32cube.ide.mcu.externaltools.gnu-tools-for-stm32.14.3.rel1.win32_1.0.100.202602081740/tools/bin/../lib/gcc/arm-none-eabi/14.3.1/../../../../arm-none-eabi/lib/thumb/v7e-m+fp/hard\libc_nano.a(libc_a-findfp.o)
                0x08006bec                __sfp_lock_acquire
 .text.__sfp_lock_release
                0x08006bf8        0xc C:/ST/STM32CubeIDE_2.2.0/STM32CubeIDE/plugins/com.st.stm32cube.ide.mcu.externaltools.gnu-tools-for-stm32.14.3.rel1.win32_1.0.100.202602081740/tools/bin/../lib/gcc/arm-none-eabi/14.3.1/../../../../arm-none-eabi/lib/thumb/v7e-m+fp/hard\libc_nano.a(libc_a-findfp.o)
                0x08006bf8                __sfp_lock_release
 .text.__sinit  0x08006c04       0x30 C:/ST/STM32CubeIDE_2.2.0/STM32CubeIDE/plugins/com.st.stm32cube.ide.mcu.externaltools.gnu-tools-for-stm32.14.3.rel1.win32_1.0.100.202602081740/tools/bin/../lib/gcc/arm-none-eabi/14.3.1/../../../../arm-none-eabi/lib/thumb/v7e-m+fp/hard\libc_nano.a(libc_a-findfp.o)
                0x08006c04                __sinit
 .text._fwalk_sglue
                0x08006c34       0x3c C:/ST/STM32CubeIDE_2.2.0/STM32CubeIDE/plugins/com.st.stm32cube.ide.mcu.externaltools.gnu-tools-for-stm32.14.3.rel1.win32_1.0.100.202602081740/tools/bin/../lib/gcc/arm-none-eabi/14.3.1/../../../../arm-none-eabi/lib/thumb/v7e-m+fp/hard\libc_nano.a(libc_a-fwalk.o)
                0x08006c34                _fwalk_sglue
 .text.printf   0x08006c70       0x24 C:/ST/STM32CubeIDE_2.2.0/STM32CubeIDE/plugins/com.st.stm32cube.ide.mcu.externaltools.gnu-tools-for-stm32.14.3.rel1.win32_1.0.100.202602081740/tools/bin/../lib/gcc/arm-none-eabi/14.3.1/../../../../arm-none-eabi/lib/thumb/v7e-m+fp/hard\libc_nano.a(libc_a-printf.o)
                0x08006c70                iprintf
                0x08006c70                printf
 .text.putchar  0x08006c94       0x10 C:/ST/STM32CubeIDE_2.2.0/STM32CubeIDE/plugins/com.st.stm32cube.ide.mcu.externaltools.gnu-tools-for-stm32.14.3.rel1.win32_1.0.100.202602081740/tools/bin/../lib/gcc/arm-none-eabi/14.3.1/../../../../arm-none-eabi/lib/thumb/v7e-m+fp/hard\libc_nano.a(libc_a-putchar.o)
                0x08006c94                putchar
 .text._puts_r  0x08006ca4       0xaa C:/ST/STM32CubeIDE_2.2.0/STM32CubeIDE/plugins/com.st.stm32cube.ide.mcu.externaltools.gnu-tools-for-stm32.14.3.rel1.win32_1.0.100.202602081740/tools/bin/../lib/gcc/arm-none-eabi/14.3.1/../../../../arm-none-eabi/lib/thumb/v7e-m+fp/hard\libc_nano.a(libc_a-puts.o)
                0x08006ca4                _puts_r
 *fill*         0x08006d4e        0x2 
 .text.puts     0x08006d50       0x10 C:/ST/STM32CubeIDE_2.2.0/STM32CubeIDE/plugins/com.st.stm32cube.ide.mcu.externaltools.gnu-tools-for-stm32.14.3.rel1.win32_1.0.100.202602081740/tools/bin/../lib/gcc/arm-none-eabi/14.3.1/../../../../arm-none-eabi/lib/thumb/v7e-m+fp/hard\libc_nano.a(libc_a-puts.o)
                0x08006d50                puts
 .text.__sread  0x08006d60       0x22 C:/ST/STM32CubeIDE_2.2.0/STM32CubeIDE/plugins/com.st.stm32cube.ide.mcu.externaltools.gnu-tools-for-stm32.14.3.rel1.win32_1.0.100.202602081740/tools/bin/../lib/gcc/arm-none-eabi/14.3.1/../../../../arm-none-eabi/lib/thumb/v7e-m+fp/hard\libc_nano.a(libc_a-stdio.o)
                0x08006d60                __sread
 .text.__swrite
                0x08006d82       0x38 C:/ST/STM32CubeIDE_2.2.0/STM32CubeIDE/plugins/com.st.stm32cube.ide.mcu.externaltools.gnu-tools-for-stm32.14.3.rel1.win32_1.0.100.202602081740/tools/bin/../lib/gcc/arm-none-eabi/14.3.1/../../../../arm-none-eabi/lib/thumb/v7e-m+fp/hard\libc_nano.a(libc_a-stdio.o)
                0x08006d82                __swrite
 .text.__sseek  0x08006dba       0x26 C:/ST/STM32CubeIDE_2.2.0/STM32CubeIDE/plugins/com.st.stm32cube.ide.mcu.externaltools.gnu-tools-for-stm32.14.3.rel1.win32_1.0.100.202602081740/tools/bin/../lib/gcc/arm-none-eabi/14.3.1/../../../../arm-none-eabi/lib/thumb/v7e-m+fp/hard\libc_nano.a(libc_a-stdio.o)
                0x08006dba                __sseek
 .text.__sclose
                0x08006de0        0x8 C:/ST/STM32CubeIDE_2.2.0/STM32CubeIDE/plugins/com.st.stm32cube.ide.mcu.externaltools.gnu-tools-for-stm32.14.3.rel1.win32_1.0.100.202602081740/tools/bin/../lib/gcc/arm-none-eabi/14.3.1/../../../../arm-none-eabi/lib/thumb/v7e-m+fp/hard\libc_nano.a(libc_a-stdio.o)
                0x08006de0                __sclose
 .text.__swbuf_r
                0x08006de8       0x7c C:/ST/STM32CubeIDE_2.2.0/STM32CubeIDE/plugins/com.st.stm32cube.ide.mcu.externaltools.gnu-tools-for-stm32.14.3.rel1.win32_1.0.100.202602081740/tools/bin/../lib/gcc/arm-none-eabi/14.3.1/../../../../arm-none-eabi/lib/thumb/v7e-m+fp/hard\libc_nano.a(libc_a-wbuf.o)
                0x08006de8                __swbuf_r
 .text.__swsetup_r
                0x08006e64       0xa8 C:/ST/STM32CubeIDE_2.2.0/STM32CubeIDE/plugins/com.st.stm32cube.ide.mcu.externaltools.gnu-tools-for-stm32.14.3.rel1.win32_1.0.100.202602081740/tools/bin/../lib/gcc/arm-none-eabi/14.3.1/../../../../arm-none-eabi/lib/thumb/v7e-m+fp/hard\libc_nano.a(libc_a-wsetup.o)
                0x08006e64                __swsetup_r
 .text.memset   0x08006f0c       0x10 C:/ST/STM32CubeIDE_2.2.0/STM32CubeIDE/plugins/com.st.stm32cube.ide.mcu.externaltools.gnu-tools-for-stm32.14.3.rel1.win32_1.0.100.202602081740/tools/bin/../lib/gcc/arm-none-eabi/14.3.1/../../../../arm-none-eabi/lib/thumb/v7e-m+fp/hard\libc_nano.a(libc_a-memset.o)
                0x08006f0c                memset
 .text._close_r
                0x08006f1c       0x20 C:/ST/STM32CubeIDE_2.2.0/STM32CubeIDE/plugins/com.st.stm32cube.ide.mcu.externaltools.gnu-tools-for-stm32.14.3.rel1.win32_1.0.100.202602081740/tools/bin/../lib/gcc/arm-none-eabi/14.3.1/../../../../arm-none-eabi/lib/thumb/v7e-m+fp/hard\libc_nano.a(libc_a-closer.o)
                0x08006f1c                _close_r
 .text._lseek_r
                0x08006f3c       0x24 C:/ST/STM32CubeIDE_2.2.0/STM32CubeIDE/plugins/com.st.stm32cube.ide.mcu.externaltools.gnu-tools-for-stm32.14.3.rel1.win32_1.0.100.202602081740/tools/bin/../lib/gcc/arm-none-eabi/14.3.1/../../../../arm-none-eabi/lib/thumb/v7e-m+fp/hard\libc_nano.a(libc_a-lseekr.o)
                0x08006f3c                _lseek_r
 .text._read_r  0x08006f60       0x24 C:/ST/STM32CubeIDE_2.2.0/STM32CubeIDE/plugins/com.st.stm32cube.ide.mcu.externaltools.gnu-tools-for-stm32.14.3.rel1.win32_1.0.100.202602081740/tools/bin/../lib/gcc/arm-none-eabi/14.3.1/../../../../arm-none-eabi/lib/thumb/v7e-m+fp/hard\libc_nano.a(libc_a-readr.o)
                0x08006f60                _read_r
 .text._write_r
                0x08006f84       0x24 C:/ST/STM32CubeIDE_2.2.0/STM32CubeIDE/plugins/com.st.stm32cube.ide.mcu.externaltools.gnu-tools-for-stm32.14.3.rel1.win32_1.0.100.202602081740/tools/bin/../lib/gcc/arm-none-eabi/14.3.1/../../../../arm-none-eabi/lib/thumb/v7e-m+fp/hard\libc_nano.a(libc_a-writer.o)
                0x08006f84                _write_r
 .text.__errno  0x08006fa8        0xc C:/ST/STM32CubeIDE_2.2.0/STM32CubeIDE/plugins/com.st.stm32cube.ide.mcu.externaltools.gnu-tools-for-stm32.14.3.rel1.win32_1.0.100.202602081740/tools/bin/../lib/gcc/arm-none-eabi/14.3.1/../../../../arm-none-eabi/lib/thumb/v7e-m+fp/hard\libc_nano.a(libc_a-errno.o)
                0x08006fa8                __errno
 .text.__libc_init_array
                0x08006fb4       0x48 C:/ST/STM32CubeIDE_2.2.0/STM32CubeIDE/plugins/com.st.stm32cube.ide.mcu.externaltools.gnu-tools-for-stm32.14.3.rel1.win32_1.0.100.202602081740/tools/bin/../lib/gcc/arm-none-eabi/14.3.1/../../../../arm-none-eabi/lib/thumb/v7e-m+fp/hard\libc_nano.a(libc_a-init.o)
                0x08006fb4                __libc_init_array
 .text.__retarget_lock_init_recursive
                0x08006ffc        0x2 C:/ST/STM32CubeIDE_2.2.0/STM32CubeIDE/plugins/com.st.stm32cube.ide.mcu.externaltools.gnu-tools-for-stm32.14.3.rel1.win32_1.0.100.202602081740/tools/bin/../lib/gcc/arm-none-eabi/14.3.1/../../../../arm-none-eabi/lib/thumb/v7e-m+fp/hard\libc_nano.a(libc_a-lock.o)
                0x08006ffc                __retarget_lock_init_recursive
 .text.__retarget_lock_acquire_recursive
                0x08006ffe        0x2 C:/ST/STM32CubeIDE_2.2.0/STM32CubeIDE/plugins/com.st.stm32cube.ide.mcu.externaltools.gnu-tools-for-stm32.14.3.rel1.win32_1.0.100.202602081740/tools/bin/../lib/gcc/arm-none-eabi/14.3.1/../../../../arm-none-eabi/lib/thumb/v7e-m+fp/hard\libc_nano.a(libc_a-lock.o)
                0x08006ffe                __retarget_lock_acquire_recursive
 .text.__retarget_lock_release_recursive
                0x08007000        0x2 C:/ST/STM32CubeIDE_2.2.0/STM32CubeIDE/plugins/com.st.stm32cube.ide.mcu.externaltools.gnu-tools-for-stm32.14.3.rel1.win32_1.0.100.202602081740/tools/bin/../lib/gcc/arm-none-eabi/14.3.1/../../../../arm-none-eabi/lib/thumb/v7e-m+fp/hard\libc_nano.a(libc_a-lock.o)
                0x08007000                __retarget_lock_release_recursive
 *fill*         0x08007002        0x2 
 .text._free_r  0x08007004       0x94 C:/ST/STM32CubeIDE_2.2.0/STM32CubeIDE/plugins/com.st.stm32cube.ide.mcu.externaltools.gnu-tools-for-stm32.14.3.rel1.win32_1.0.100.202602081740/tools/bin/../lib/gcc/arm-none-eabi/14.3.1/../../../../arm-none-eabi/lib/thumb/v7e-m+fp/hard\libc_nano.a(libc_a-freer.o)
                0x08007004                _free_r
 .text.sbrk_aligned
                0x08007098       0x44 C:/ST/STM32CubeIDE_2.2.0/STM32CubeIDE/plugins/com.st.stm32cube.ide.mcu.externaltools.gnu-tools-for-stm32.14.3.rel1.win32_1.0.100.202602081740/tools/bin/../lib/gcc/arm-none-eabi/14.3.1/../../../../arm-none-eabi/lib/thumb/v7e-m+fp/hard\libc_nano.a(libc_a-mallocr.o)
 .text._malloc_r
                0x080070dc      0x100 C:/ST/STM32CubeIDE_2.2.0/STM32CubeIDE/plugins/com.st.stm32cube.ide.mcu.externaltools.gnu-tools-for-stm32.14.3.rel1.win32_1.0.100.202602081740/tools/bin/../lib/gcc/arm-none-eabi/14.3.1/../../../../arm-none-eabi/lib/thumb/v7e-m+fp/hard\libc_nano.a(libc_a-mallocr.o)
                0x080070dc                _malloc_r
 .text.__malloc_lock
                0x080071dc        0xc C:/ST/STM32CubeIDE_2.2.0/STM32CubeIDE/plugins/com.st.stm32cube.ide.mcu.externaltools.gnu-tools-for-stm32.14.3.rel1.win32_1.0.100.202602081740/tools/bin/../lib/gcc/arm-none-eabi/14.3.1/../../../../arm-none-eabi/lib/thumb/v7e-m+fp/hard\libc_nano.a(libc_a-mlock.o)
                0x080071dc                __malloc_lock
 .text.__malloc_unlock
                0x080071e8        0xc C:/ST/STM32CubeIDE_2.2.0/STM32CubeIDE/plugins/com.st.stm32cube.ide.mcu.externaltools.gnu-tools-for-stm32.14.3.rel1.win32_1.0.100.202602081740/tools/bin/../lib/gcc/arm-none-eabi/14.3.1/../../../../arm-none-eabi/lib/thumb/v7e-m+fp/hard\libc_nano.a(libc_a-mlock.o)
                0x080071e8                __malloc_unlock
 .text.__sfputc_r
                0x080071f4       0x2e C:/ST/STM32CubeIDE_2.2.0/STM32CubeIDE/plugins/com.st.stm32cube.ide.mcu.externaltools.gnu-tools-for-stm32.14.3.rel1.win32_1.0.100.202602081740/tools/bin/../lib/gcc/arm-none-eabi/14.3.1/../../../../arm-none-eabi/lib/thumb/v7e-m+fp/hard\libc_nano.a(libc_a-nano-vfprintf.o)
 .text.__sfputs_r
                0x08007222       0x24 C:/ST/STM32CubeIDE_2.2.0/STM32CubeIDE/plugins/com.st.stm32cube.ide.mcu.externaltools.gnu-tools-for-stm32.14.3.rel1.win32_1.0.100.202602081740/tools/bin/../lib/gcc/arm-none-eabi/14.3.1/../../../../arm-none-eabi/lib/thumb/v7e-m+fp/hard\libc_nano.a(libc_a-nano-vfprintf.o)
                0x08007222                __sfputs_r
 *fill*         0x08007246        0x2 
 .text._vfprintf_r
                0x08007248      0x228 C:/ST/STM32CubeIDE_2.2.0/STM32CubeIDE/plugins/com.st.stm32cube.ide.mcu.externaltools.gnu-tools-for-stm32.14.3.rel1.win32_1.0.100.202602081740/tools/bin/../lib/gcc/arm-none-eabi/14.3.1/../../../../arm-none-eabi/lib/thumb/v7e-m+fp/hard\libc_nano.a(libc_a-nano-vfprintf.o)
                0x08007248                _vfprintf_r
                0x08007248                _vfiprintf_r
 .text._printf_common
                0x08007470       0xda C:/ST/STM32CubeIDE_2.2.0/STM32CubeIDE/plugins/com.st.stm32cube.ide.mcu.externaltools.gnu-tools-for-stm32.14.3.rel1.win32_1.0.100.202602081740/tools/bin/../lib/gcc/arm-none-eabi/14.3.1/../../../../arm-none-eabi/lib/thumb/v7e-m+fp/hard\libc_nano.a(libc_a-nano-vfprintf_i.o)
                0x08007470                _printf_common
 *fill*         0x0800754a        0x2 
 .text._printf_i
                0x0800754c      0x24c C:/ST/STM32CubeIDE_2.2.0/STM32CubeIDE/plugins/com.st.stm32cube.ide.mcu.externaltools.gnu-tools-for-stm32.14.3.rel1.win32_1.0.100.202602081740/tools/bin/../lib/gcc/arm-none-eabi/14.3.1/../../../../arm-none-eabi/lib/thumb/v7e-m+fp/hard\libc_nano.a(libc_a-nano-vfprintf_i.o)
                0x0800754c                _printf_i
 .text.__sflush_r
                0x08007798      0x104 C:/ST/STM32CubeIDE_2.2.0/STM32CubeIDE/plugins/com.st.stm32cube.ide.mcu.externaltools.gnu-tools-for-stm32.14.3.rel1.win32_1.0.100.202602081740/tools/bin/../lib/gcc/arm-none-eabi/14.3.1/../../../../arm-none-eabi/lib/thumb/v7e-m+fp/hard\libc_nano.a(libc_a-fflush.o)
                0x08007798                __sflush_r
 .text._fflush_r
                0x0800789c       0x50 C:/ST/STM32CubeIDE_2.2.0/STM32CubeIDE/plugins/com.st.stm32cube.ide.mcu.externaltools.gnu-tools-for-stm32.14.3.rel1.win32_1.0.100.202602081740/tools/bin/../lib/gcc/arm-none-eabi/14.3.1/../../../../arm-none-eabi/lib/thumb/v7e-m+fp/hard\libc_nano.a(libc_a-fflush.o)
                0x0800789c                _fflush_r
 .text.__swhatbuf_r
                0x080078ec       0x48 C:/ST/STM32CubeIDE_2.2.0/STM32CubeIDE/plugins/com.st.stm32cube.ide.mcu.externaltools.gnu-tools-for-stm32.14.3.rel1.win32_1.0.100.202602081740/tools/bin/../lib/gcc/arm-none-eabi/14.3.1/../../../../arm-none-eabi/lib/thumb/v7e-m+fp/hard\libc_nano.a(libc_a-makebuf.o)
                0x080078ec                __swhatbuf_r
 .text.__smakebuf_r
                0x08007934       0x72 C:/ST/STM32CubeIDE_2.2.0/STM32CubeIDE/plugins/com.st.stm32cube.ide.mcu.externaltools.gnu-tools-for-stm32.14.3.rel1.win32_1.0.100.202602081740/tools/bin/../lib/gcc/arm-none-eabi/14.3.1/../../../../arm-none-eabi/lib/thumb/v7e-m+fp/hard\libc_nano.a(libc_a-makebuf.o)
                0x08007934                __smakebuf_r
 .text._putc_r  0x080079a6       0x68 C:/ST/STM32CubeIDE_2.2.0/STM32CubeIDE/plugins/com.st.stm32cube.ide.mcu.externaltools.gnu-tools-for-stm32.14.3.rel1.win32_1.0.100.202602081740/tools/bin/../lib/gcc/arm-none-eabi/14.3.1/../../../../arm-none-eabi/lib/thumb/v7e-m+fp/hard\libc_nano.a(libc_a-putc.o)
                0x080079a6                _putc_r
 *fill*         0x08007a0e        0x2 
 .text._fstat_r
                0x08007a10       0x24 C:/ST/STM32CubeIDE_2.2.0/STM32CubeIDE/plugins/com.st.stm32cube.ide.mcu.externaltools.gnu-tools-for-stm32.14.3.rel1.win32_1.0.100.202602081740/tools/bin/../lib/gcc/arm-none-eabi/14.3.1/../../../../arm-none-eabi/lib/thumb/v7e-m+fp/hard\libc_nano.a(libc_a-fstatr.o)
                0x08007a10                _fstat_r
 .text._isatty_r
                0x08007a34       0x20 C:/ST/STM32CubeIDE_2.2.0/STM32CubeIDE/plugins/com.st.stm32cube.ide.mcu.externaltools.gnu-tools-for-stm32.14.3.rel1.win32_1.0.100.202602081740/tools/bin/../lib/gcc/arm-none-eabi/14.3.1/../../../../arm-none-eabi/lib/thumb/v7e-m+fp/hard\libc_nano.a(libc_a-isattyr.o)
                0x08007a34                _isatty_r
 .text._sbrk_r  0x08007a54       0x20 C:/ST/STM32CubeIDE_2.2.0/STM32CubeIDE/plugins/com.st.stm32cube.ide.mcu.externaltools.gnu-tools-for-stm32.14.3.rel1.win32_1.0.100.202602081740/tools/bin/../lib/gcc/arm-none-eabi/14.3.1/../../../../arm-none-eabi/lib/thumb/v7e-m+fp/hard\libc_nano.a(libc_a-sbrkr.o)
                0x08007a54                _sbrk_r
 *(.glue_7)
 .glue_7        0x08007a74        0x0 linker stubs
 *(.glue_7t)
 .glue_7t       0x08007a74        0x0 linker stubs
 *(.eh_frame)
 .eh_frame      0x08007a74        0x0 C:/ST/STM32CubeIDE_2.2.0/STM32CubeIDE/plugins/com.st.stm32cube.ide.mcu.externaltools.gnu-tools-for-stm32.14.3.rel1.win32_1.0.100.202602081740/tools/bin/../lib/gcc/arm-none-eabi/14.3.1/thumb/v7e-m+fp/hard/crtbegin.o
 *(.init)
 .init          0x08007a74        0x4 C:/ST/STM32CubeIDE_2.2.0/STM32CubeIDE/plugins/com.st.stm32cube.ide.mcu.externaltools.gnu-tools-for-stm32.14.3.rel1.win32_1.0.100.202602081740/tools/bin/../lib/gcc/arm-none-eabi/14.3.1/thumb/v7e-m+fp/hard/crti.o
                0x08007a74                _init
 .init          0x08007a78        0x8 C:/ST/STM32CubeIDE_2.2.0/STM32CubeIDE/plugins/com.st.stm32cube.ide.mcu.externaltools.gnu-tools-for-stm32.14.3.rel1.win32_1.0.100.202602081740/tools/bin/../lib/gcc/arm-none-eabi/14.3.1/thumb/v7e-m+fp/hard/crtn.o
 *(.fini)
 .fini          0x08007a80        0x4 C:/ST/STM32CubeIDE_2.2.0/STM32CubeIDE/plugins/com.st.stm32cube.ide.mcu.externaltools.gnu-tools-for-stm32.14.3.rel1.win32_1.0.100.202602081740/tools/bin/../lib/gcc/arm-none-eabi/14.3.1/thumb/v7e-m+fp/hard/crti.o
                0x08007a80                _fini
 .fini          0x08007a84        0x8 C:/ST/STM32CubeIDE_2.2.0/STM32CubeIDE/plugins/com.st.stm32cube.ide.mcu.externaltools.gnu-tools-for-stm32.14.3.rel1.win32_1.0.100.202602081740/tools/bin/../lib/gcc/arm-none-eabi/14.3.1/thumb/v7e-m+fp/hard/crtn.o
                0x08007a8c                        . = ALIGN (0x4)
                0x08007a8c                        _etext = .

.vfp11_veneer   0x08007a8c        0x0
 .vfp11_veneer  0x08007a8c        0x0 linker stubs

.v4_bx          0x08007a8c        0x0
 .v4_bx         0x08007a8c        0x0 linker stubs

.iplt           0x08007a8c        0x0
 .iplt          0x08007a8c        0x0 C:/ST/STM32CubeIDE_2.2.0/STM32CubeIDE/plugins/com.st.stm32cube.ide.mcu.externaltools.gnu-tools-for-stm32.14.3.rel1.win32_1.0.100.202602081740/tools/bin/../lib/gcc/arm-none-eabi/14.3.1/thumb/v7e-m+fp/hard/crtbegin.o

.rodata         0x08007a8c      0x458
                0x08007a8c                        . = ALIGN (0x4)
 *(.rodata)
 .rodata        0x08007a8c       0x36 ./Core/Src/debug_utils.o
 *fill*         0x08007ac2        0x2 
 .rodata        0x08007ac4      0x142 ./Core/Src/imu.o
 *fill*         0x08007c06        0x2 
 .rodata        0x08007c08       0x59 ./Core/Src/main.o
 *fill*         0x08007c61        0x3 
 .rodata        0x08007c64      0x108 ./Core/Src/obd.o
 .rodata        0x08007d6c       0x21 ./Core/Src/servo.o
 *fill*         0x08007d8d        0x3 
 .rodata        0x08007d90       0xd9 ./Core/Src/wing_control.o
 *(.rodata*)
 *fill*         0x08007e69        0x3 
 .rodata.AHBPrescTable
                0x08007e6c       0x10 ./Core/Src/system_stm32g4xx.o
                0x08007e6c                AHBPrescTable
 .rodata.APBPrescTable
                0x08007e7c        0x8 ./Core/Src/system_stm32g4xx.o
                0x08007e7c                APBPrescTable
 .rodata.BUTTON_EXTI_LINE.2
                0x08007e84        0x4 ./Drivers/BSP/STM32G4xx_Nucleo/stm32g4xx_nucleo.o
 .rodata.DLCtoBytes
                0x08007e88       0x10 ./Drivers/STM32G4xx_HAL_Driver/Src/stm32g4xx_hal_fdcan.o
 .rodata.UARTPrescTable
                0x08007e98       0x18 ./Drivers/STM32G4xx_HAL_Driver/Src/stm32g4xx_hal_uart.o
                0x08007e98                UARTPrescTable
 .rodata._vfprintf_r.str1.1
                0x08007eb0       0x33 C:/ST/STM32CubeIDE_2.2.0/STM32CubeIDE/plugins/com.st.stm32cube.ide.mcu.externaltools.gnu-tools-for-stm32.14.3.rel1.win32_1.0.100.202602081740/tools/bin/../lib/gcc/arm-none-eabi/14.3.1/../../../../arm-none-eabi/lib/thumb/v7e-m+fp/hard\libc_nano.a(libc_a-nano-vfprintf.o)
                                 0x11 (size before relaxing)
 .rodata._printf_i.str1.1
                0x08007ee3       0x22 C:/ST/STM32CubeIDE_2.2.0/STM32CubeIDE/plugins/com.st.stm32cube.ide.mcu.externaltools.gnu-tools-for-stm32.14.3.rel1.win32_1.0.100.202602081740/tools/bin/../lib/gcc/arm-none-eabi/14.3.1/../../../../arm-none-eabi/lib/thumb/v7e-m+fp/hard\libc_nano.a(libc_a-nano-vfprintf_i.o)
                0x08007f08                        . = ALIGN (0x4)
 *fill*         0x08007ee3        0x1 

.ARM.extab      0x08007ee4        0x0
                0x08007ee4                        . = ALIGN (0x4)
 *(.ARM.extab* .gnu.linkonce.armextab.*)
                0x08007ee4                        . = ALIGN (0x4)

.ARM            0x08007ee4        0x8
                0x08007ee4                        . = ALIGN (0x4)
                0x08007ee4                        __exidx_start = .
 *(.ARM.exidx*)
 .ARM.exidx     0x08007ee4        0x8 C:/ST/STM32CubeIDE_2.2.0/STM32CubeIDE/plugins/com.st.stm32cube.ide.mcu.externaltools.gnu-tools-for-stm32.14.3.rel1.win32_1.0.100.202602081740/tools/bin/../lib/gcc/arm-none-eabi/14.3.1/../../../../arm-none-eabi/lib/thumb/v7e-m+fp/hard\libc_nano.a(libc_a-memchr.o)
 .ARM.exidx     0x08007eec        0x0 C:/ST/STM32CubeIDE_2.2.0/STM32CubeIDE/plugins/com.st.stm32cube.ide.mcu.externaltools.gnu-tools-for-stm32.14.3.rel1.win32_1.0.100.202602081740/tools/bin/../lib/gcc/arm-none-eabi/14.3.1/thumb/v7e-m+fp/hard\libgcc.a(_udivmoddi4.o)
                                  0x8 (size before relaxing)
                0x08007eec                        __exidx_end = .
                0x08007eec                        . = ALIGN (0x4)

.preinit_array  0x08007eec        0x0
                0x08007eec                        . = ALIGN (0x4)
                0x08007eec                        PROVIDE (__preinit_array_start = .)
 *(.preinit_array*)
                0x08007eec                        PROVIDE (__preinit_array_end = .)
                0x08007eec                        . = ALIGN (0x4)

.init_array     0x08007eec        0x4
                0x08007eec                        . = ALIGN (0x4)
                0x08007eec                        PROVIDE (__init_array_start = .)
 *(SORT_BY_NAME(.init_array.*))
 *(.init_array*)
 .init_array    0x08007eec        0x4 C:/ST/STM32CubeIDE_2.2.0/STM32CubeIDE/plugins/com.st.stm32cube.ide.mcu.externaltools.gnu-tools-for-stm32.14.3.rel1.win32_1.0.100.202602081740/tools/bin/../lib/gcc/arm-none-eabi/14.3.1/thumb/v7e-m+fp/hard/crtbegin.o
                0x08007ef0                        PROVIDE (__init_array_end = .)
                0x08007ef0                        . = ALIGN (0x4)

.fini_array     0x08007ef0        0x4
                0x08007ef0                        . = ALIGN (0x4)
                [!provide]                        PROVIDE (__fini_array_start = .)
 *(SORT_BY_NAME(.fini_array.*))
 *(.fini_array*)
 .fini_array    0x08007ef0        0x4 C:/ST/STM32CubeIDE_2.2.0/STM32CubeIDE/plugins/com.st.stm32cube.ide.mcu.externaltools.gnu-tools-for-stm32.14.3.rel1.win32_1.0.100.202602081740/tools/bin/../lib/gcc/arm-none-eabi/14.3.1/thumb/v7e-m+fp/hard/crtbegin.o
                [!provide]                        PROVIDE (__fini_array_end = .)
                0x08007ef4                        . = ALIGN (0x4)
                0x08007ef4                        _sidata = LOADADDR (.data)

.rel.dyn        0x08007ef4        0x0
 .rel.iplt      0x08007ef4        0x0 C:/ST/STM32CubeIDE_2.2.0/STM32CubeIDE/plugins/com.st.stm32cube.ide.mcu.externaltools.gnu-tools-for-stm32.14.3.rel1.win32_1.0.100.202602081740/tools/bin/../lib/gcc/arm-none-eabi/14.3.1/thumb/v7e-m+fp/hard/crtbegin.o

.data           0x20000000       0x84 load address 0x08007ef4
                0x20000000                        . = ALIGN (0x4)
                0x20000000                        _sdata = .
 *(.data)
 *(.data*)
 .data.lsm6dso_addr
                0x20000000        0x2 ./Core/Src/imu.o
 .data.servo_current_pulse_us
                0x20000002        0x2 ./Core/Src/servo.o
 .data.SystemCoreClock
                0x20000004        0x4 ./Core/Src/system_stm32g4xx.o
                0x20000004                SystemCoreClock
 .data.motion_state
                0x20000008        0x1 ./Core/Src/wing_control.o
 *fill*         0x20000009        0x3 
 .data.LED_PORT
                0x2000000c        0x4 ./Drivers/BSP/STM32G4xx_Nucleo/stm32g4xx_nucleo.o
 .data.BUTTON_PORT
                0x20000010        0x4 ./Drivers/BSP/STM32G4xx_Nucleo/stm32g4xx_nucleo.o
 .data.COM_USART
                0x20000014        0x4 ./Drivers/BSP/STM32G4xx_Nucleo/stm32g4xx_nucleo.o
 .data.ButtonCallback.1
                0x20000018        0x4 ./Drivers/BSP/STM32G4xx_Nucleo/stm32g4xx_nucleo.o
 .data.BSP_BUTTON_PRIO.0
                0x2000001c        0x4 ./Drivers/BSP/STM32G4xx_Nucleo/stm32g4xx_nucleo.o
 .data.uwTickPrio
                0x20000020        0x4 ./Drivers/STM32G4xx_HAL_Driver/Src/stm32g4xx_hal.o
                0x20000020                uwTickPrio
 .data.uwTickFreq
                0x20000024        0x4 ./Drivers/STM32G4xx_HAL_Driver/Src/stm32g4xx_hal.o
                0x20000024                uwTickFreq
 .data.__sglue  0x20000028        0xc C:/ST/STM32CubeIDE_2.2.0/STM32CubeIDE/plugins/com.st.stm32cube.ide.mcu.externaltools.gnu-tools-for-stm32.14.3.rel1.win32_1.0.100.202602081740/tools/bin/../lib/gcc/arm-none-eabi/14.3.1/../../../../arm-none-eabi/lib/thumb/v7e-m+fp/hard\libc_nano.a(libc_a-findfp.o)
                0x20000028                __sglue
 .data._impure_ptr
                0x20000034        0x4 C:/ST/STM32CubeIDE_2.2.0/STM32CubeIDE/plugins/com.st.stm32cube.ide.mcu.externaltools.gnu-tools-for-stm32.14.3.rel1.win32_1.0.100.202602081740/tools/bin/../lib/gcc/arm-none-eabi/14.3.1/../../../../arm-none-eabi/lib/thumb/v7e-m+fp/hard\libc_nano.a(libc_a-impure.o)
                0x20000034                _impure_ptr
 .data._impure_data
                0x20000038       0x4c C:/ST/STM32CubeIDE_2.2.0/STM32CubeIDE/plugins/com.st.stm32cube.ide.mcu.externaltools.gnu-tools-for-stm32.14.3.rel1.win32_1.0.100.202602081740/tools/bin/../lib/gcc/arm-none-eabi/14.3.1/../../../../arm-none-eabi/lib/thumb/v7e-m+fp/hard\libc_nano.a(libc_a-impure.o)
                0x20000038                _impure_data
 *(.RamFunc)
 *(.RamFunc*)
                0x20000084                        . = ALIGN (0x4)
                0x20000084                        _edata = .

.igot.plt       0x20000084        0x0 load address 0x08007f78
 .igot.plt      0x20000084        0x0 C:/ST/STM32CubeIDE_2.2.0/STM32CubeIDE/plugins/com.st.stm32cube.ide.mcu.externaltools.gnu-tools-for-stm32.14.3.rel1.win32_1.0.100.202602081740/tools/bin/../lib/gcc/arm-none-eabi/14.3.1/thumb/v7e-m+fp/hard/crtbegin.o
                0x20000084                        . = ALIGN (0x4)

.bss            0x20000084      0x35c load address 0x08007f78
                0x20000084                        _sbss = .
                0x20000084                        __bss_start__ = _sbss
 *(.bss)
 .bss           0x20000084       0x1c C:/ST/STM32CubeIDE_2.2.0/STM32CubeIDE/plugins/com.st.stm32cube.ide.mcu.externaltools.gnu-tools-for-stm32.14.3.rel1.win32_1.0.100.202602081740/tools/bin/../lib/gcc/arm-none-eabi/14.3.1/thumb/v7e-m+fp/hard/crtbegin.o
 *(.bss*)
 .bss.corner_detected
                0x200000a0        0x1 ./Core/Src/imu.o
 .bss.corner_on_counter
                0x200000a1        0x1 ./Core/Src/imu.o
 .bss.corner_off_counter
                0x200000a2        0x1 ./Core/Src/imu.o
 *fill*         0x200000a3        0x1 
 .bss.imu_ax_mg
                0x200000a4        0x4 ./Core/Src/imu.o
 .bss.imu_ay_mg
                0x200000a8        0x4 ./Core/Src/imu.o
 .bss.imu_az_mg
                0x200000ac        0x4 ./Core/Src/imu.o
 .bss.imu_lateral_raw_mg
                0x200000b0        0x4 ./Core/Src/imu.o
 .bss.imu_lateral_filtered_mg
                0x200000b4        0x4 ./Core/Src/imu.o
 .bss.imu_lateral_filter_initialized
                0x200000b8        0x1 ./Core/Src/imu.o
 .bss.corner_detected_event
                0x200000b9        0x1 ./Core/Src/imu.o
 *fill*         0x200000ba        0x2 
 .bss.last_imu_sample.0
                0x200000bc        0x4 ./Core/Src/imu.o
 .bss.BspCOMInit
                0x200000c0       0x10 ./Core/Src/main.o
                0x200000c0                BspCOMInit
 .bss.BspButtonState
                0x200000d0        0x4 ./Core/Src/main.o
                0x200000d0                BspButtonState
 .bss.hfdcan1   0x200000d4       0x64 ./Core/Src/main.o
                0x200000d4                hfdcan1
 .bss.hi2c1     0x20000138       0x54 ./Core/Src/main.o
                0x20000138                hi2c1
 .bss.htim2     0x2000018c       0x4c ./Core/Src/main.o
                0x2000018c                htim2
 .bss.last_request.0
                0x200001d8        0x4 ./Core/Src/main.o
 .bss.last_servo_wing_state
                0x200001dc        0x1 ./Core/Src/servo.o
 .bss.servo_state_initialized
                0x200001dd        0x1 ./Core/Src/servo.o
 *fill*         0x200001de        0x2 
 .bss.__sbrk_heap_end
                0x200001e0        0x4 ./Core/Src/sysmem.o
 .bss.prev_speed_kmh
                0x200001e4        0x1 ./Core/Src/wing_control.o
 *fill*         0x200001e5        0x3 
 .bss.prev_speed_tick
                0x200001e8        0x4 ./Core/Src/wing_control.o
 .bss.speed_initialized
                0x200001ec        0x1 ./Core/Src/wing_control.o
 .bss.wing_state
                0x200001ed        0x1 ./Core/Src/wing_control.o
 .bss.post_brake_normal_samples
                0x200001ee        0x1 ./Core/Src/wing_control.o
 .bss.open_stable_samples
                0x200001ef        0x1 ./Core/Src/wing_control.o
 .bss.hpb_exti  0x200001f0        0x8 ./Drivers/BSP/STM32G4xx_Nucleo/stm32g4xx_nucleo.o
                0x200001f0                hpb_exti
 .bss.hcom_uart
                0x200001f8       0x94 ./Drivers/BSP/STM32G4xx_Nucleo/stm32g4xx_nucleo.o
                0x200001f8                hcom_uart
 .bss.COM_ActiveLogPort
                0x2000028c        0x1 ./Drivers/BSP/STM32G4xx_Nucleo/stm32g4xx_nucleo.o
 *fill*         0x2000028d        0x3 
 .bss.uwTick    0x20000290        0x4 ./Drivers/STM32G4xx_HAL_Driver/Src/stm32g4xx_hal.o
                0x20000290                uwTick
 .bss.__sf      0x20000294      0x138 C:/ST/STM32CubeIDE_2.2.0/STM32CubeIDE/plugins/com.st.stm32cube.ide.mcu.externaltools.gnu-tools-for-stm32.14.3.rel1.win32_1.0.100.202602081740/tools/bin/../lib/gcc/arm-none-eabi/14.3.1/../../../../arm-none-eabi/lib/thumb/v7e-m+fp/hard\libc_nano.a(libc_a-findfp.o)
                0x20000294                __sf
 .bss.__stdio_exit_handler
                0x200003cc        0x4 C:/ST/STM32CubeIDE_2.2.0/STM32CubeIDE/plugins/com.st.stm32cube.ide.mcu.externaltools.gnu-tools-for-stm32.14.3.rel1.win32_1.0.100.202602081740/tools/bin/../lib/gcc/arm-none-eabi/14.3.1/../../../../arm-none-eabi/lib/thumb/v7e-m+fp/hard\libc_nano.a(libc_a-findfp.o)
                0x200003cc                __stdio_exit_handler
 .bss.errno     0x200003d0        0x4 C:/ST/STM32CubeIDE_2.2.0/STM32CubeIDE/plugins/com.st.stm32cube.ide.mcu.externaltools.gnu-tools-for-stm32.14.3.rel1.win32_1.0.100.202602081740/tools/bin/../lib/gcc/arm-none-eabi/14.3.1/../../../../arm-none-eabi/lib/thumb/v7e-m+fp/hard\libc_nano.a(libc_a-reent.o)
                0x200003d0                errno
 .bss.__lock___malloc_recursive_mutex
                0x200003d4        0x1 C:/ST/STM32CubeIDE_2.2.0/STM32CubeIDE/plugins/com.st.stm32cube.ide.mcu.externaltools.gnu-tools-for-stm32.14.3.rel1.win32_1.0.100.202602081740/tools/bin/../lib/gcc/arm-none-eabi/14.3.1/../../../../arm-none-eabi/lib/thumb/v7e-m+fp/hard\libc_nano.a(libc_a-lock.o)
                0x200003d4                __lock___malloc_recursive_mutex
 .bss.__lock___sfp_recursive_mutex
                0x200003d5        0x1 C:/ST/STM32CubeIDE_2.2.0/STM32CubeIDE/plugins/com.st.stm32cube.ide.mcu.externaltools.gnu-tools-for-stm32.14.3.rel1.win32_1.0.100.202602081740/tools/bin/../lib/gcc/arm-none-eabi/14.3.1/../../../../arm-none-eabi/lib/thumb/v7e-m+fp/hard\libc_nano.a(libc_a-lock.o)
                0x200003d5                __lock___sfp_recursive_mutex
 *fill*         0x200003d6        0x2 
 .bss.__malloc_sbrk_start
                0x200003d8        0x4 C:/ST/STM32CubeIDE_2.2.0/STM32CubeIDE/plugins/com.st.stm32cube.ide.mcu.externaltools.gnu-tools-for-stm32.14.3.rel1.win32_1.0.100.202602081740/tools/bin/../lib/gcc/arm-none-eabi/14.3.1/../../../../arm-none-eabi/lib/thumb/v7e-m+fp/hard\libc_nano.a(libc_a-mallocr.o)
                0x200003d8                __malloc_sbrk_start
 .bss.__malloc_free_list
                0x200003dc        0x4 C:/ST/STM32CubeIDE_2.2.0/STM32CubeIDE/plugins/com.st.stm32cube.ide.mcu.externaltools.gnu-tools-for-stm32.14.3.rel1.win32_1.0.100.202602081740/tools/bin/../lib/gcc/arm-none-eabi/14.3.1/../../../../arm-none-eabi/lib/thumb/v7e-m+fp/hard\libc_nano.a(libc_a-mallocr.o)
                0x200003dc                __malloc_free_list
 *(COMMON)
                0x200003e0                        . = ALIGN (0x4)
                0x200003e0                        _ebss = .
                0x200003e0                        __bss_end__ = _ebss

._user_heap_stack
                0x200003e0      0x600 load address 0x08007f78
                0x200003e0                        . = ALIGN (0x8)
                [!provide]                        PROVIDE (end = .)
                0x200003e0                        PROVIDE (_end = .)
                0x200005e0                        . = (. + _Min_Heap_Size)
 *fill*         0x200003e0      0x200 
                0x200009e0                        . = (. + _Min_Stack_Size)
 *fill*         0x200005e0      0x400 
                0x200009e0                        . = ALIGN (0x8)

/DISCARD/
 libc.a(*)
 libm.a(*)
 libgcc.a(*)

.ARM.attributes
                0x00000000       0x30
 *(.ARM.attributes)
 .ARM.attributes
                0x00000000       0x22 C:/ST/STM32CubeIDE_2.2.0/STM32CubeIDE/plugins/com.st.stm32cube.ide.mcu.externaltools.gnu-tools-for-stm32.14.3.rel1.win32_1.0.100.202602081740/tools/bin/../lib/gcc/arm-none-eabi/14.3.1/thumb/v7e-m+fp/hard/crti.o
 .ARM.attributes
                0x00000022       0x34 C:/ST/STM32CubeIDE_2.2.0/STM32CubeIDE/plugins/com.st.stm32cube.ide.mcu.externaltools.gnu-tools-for-stm32.14.3.rel1.win32_1.0.100.202602081740/tools/bin/../lib/gcc/arm-none-eabi/14.3.1/thumb/v7e-m+fp/hard/crtbegin.o
 .ARM.attributes
                0x00000056       0x34 ./Core/Src/debug_utils.o
 .ARM.attributes
                0x0000008a       0x34 ./Core/Src/imu.o
 .ARM.attributes
                0x000000be       0x34 ./Core/Src/main.o
 .ARM.attributes
                0x000000f2       0x34 ./Core/Src/obd.o
 .ARM.attributes
                0x00000126       0x34 ./Core/Src/servo.o
 .ARM.attributes
                0x0000015a       0x34 ./Core/Src/stm32g4xx_hal_msp.o
 .ARM.attributes
                0x0000018e       0x34 ./Core/Src/stm32g4xx_it.o
 .ARM.attributes
                0x000001c2       0x34 ./Core/Src/syscalls.o
 .ARM.attributes
                0x000001f6       0x34 ./Core/Src/sysmem.o
 .ARM.attributes
                0x0000022a       0x34 ./Core/Src/system_stm32g4xx.o
 .ARM.attributes
                0x0000025e       0x34 ./Core/Src/wing_control.o
 .ARM.attributes
                0x00000292       0x21 ./Core/Startup/startup_stm32g474retx.o
 .ARM.attributes
                0x000002b3       0x34 ./Drivers/BSP/STM32G4xx_Nucleo/stm32g4xx_nucleo.o
 .ARM.attributes
                0x000002e7       0x34 ./Drivers/STM32G4xx_HAL_Driver/Src/stm32g4xx_hal.o
 .ARM.attributes
                0x0000031b       0x34 ./Drivers/STM32G4xx_HAL_Driver/Src/stm32g4xx_hal_cortex.o
 .ARM.attributes
                0x0000034f       0x34 ./Drivers/STM32G4xx_HAL_Driver/Src/stm32g4xx_hal_exti.o
 .ARM.attributes
                0x00000383       0x34 ./Drivers/STM32G4xx_HAL_Driver/Src/stm32g4xx_hal_fdcan.o
 .ARM.attributes
                0x000003b7       0x34 ./Drivers/STM32G4xx_HAL_Driver/Src/stm32g4xx_hal_gpio.o
 .ARM.attributes
                0x000003eb       0x34 ./Drivers/STM32G4xx_HAL_Driver/Src/stm32g4xx_hal_i2c.o
 .ARM.attributes
                0x0000041f       0x34 ./Drivers/STM32G4xx_HAL_Driver/Src/stm32g4xx_hal_i2c_ex.o
 .ARM.attributes
                0x00000453       0x34 ./Drivers/STM32G4xx_HAL_Driver/Src/stm32g4xx_hal_pwr_ex.o
 .ARM.attributes
                0x00000487       0x34 ./Drivers/STM32G4xx_HAL_Driver/Src/stm32g4xx_hal_rcc.o
 .ARM.attributes
                0x000004bb       0x34 ./Drivers/STM32G4xx_HAL_Driver/Src/stm32g4xx_hal_rcc_ex.o
 .ARM.attributes
                0x000004ef       0x34 ./Drivers/STM32G4xx_HAL_Driver/Src/stm32g4xx_hal_tim.o
 .ARM.attributes
                0x00000523       0x34 ./Drivers/STM32G4xx_HAL_Driver/Src/stm32g4xx_hal_tim_ex.o
 .ARM.attributes
                0x00000557       0x34 ./Drivers/STM32G4xx_HAL_Driver/Src/stm32g4xx_hal_uart.o
 .ARM.attributes
                0x0000058b       0x34 C:/ST/STM32CubeIDE_2.2.0/STM32CubeIDE/plugins/com.st.stm32cube.ide.mcu.externaltools.gnu-tools-for-stm32.14.3.rel1.win32_1.0.100.202602081740/tools/bin/../lib/gcc/arm-none-eabi/14.3.1/../../../../arm-none-eabi/lib/thumb/v7e-m+fp/hard\libc_nano.a(libc_a-findfp.o)
 .ARM.attributes
                0x000005bf       0x34 C:/ST/STM32CubeIDE_2.2.0/STM32CubeIDE/plugins/com.st.stm32cube.ide.mcu.externaltools.gnu-tools-for-stm32.14.3.rel1.win32_1.0.100.202602081740/tools/bin/../lib/gcc/arm-none-eabi/14.3.1/../../../../arm-none-eabi/lib/thumb/v7e-m+fp/hard\libc_nano.a(libc_a-fwalk.o)
 .ARM.attributes
                0x000005f3       0x34 C:/ST/STM32CubeIDE_2.2.0/STM32CubeIDE/plugins/com.st.stm32cube.ide.mcu.externaltools.gnu-tools-for-stm32.14.3.rel1.win32_1.0.100.202602081740/tools/bin/../lib/gcc/arm-none-eabi/14.3.1/../../../../arm-none-eabi/lib/thumb/v7e-m+fp/hard\libc_nano.a(libc_a-printf.o)
 .ARM.attributes
                0x00000627       0x34 C:/ST/STM32CubeIDE_2.2.0/STM32CubeIDE/plugins/com.st.stm32cube.ide.mcu.externaltools.gnu-tools-for-stm32.14.3.rel1.win32_1.0.100.202602081740/tools/bin/../lib/gcc/arm-none-eabi/14.3.1/../../../../arm-none-eabi/lib/thumb/v7e-m+fp/hard\libc_nano.a(libc_a-putchar.o)
 .ARM.attributes
                0x0000065b       0x34 C:/ST/STM32CubeIDE_2.2.0/STM32CubeIDE/plugins/com.st.stm32cube.ide.mcu.externaltools.gnu-tools-for-stm32.14.3.rel1.win32_1.0.100.202602081740/tools/bin/../lib/gcc/arm-none-eabi/14.3.1/../../../../arm-none-eabi/lib/thumb/v7e-m+fp/hard\libc_nano.a(libc_a-puts.o)
 .ARM.attributes
                0x0000068f       0x34 C:/ST/STM32CubeIDE_2.2.0/STM32CubeIDE/plugins/com.st.stm32cube.ide.mcu.externaltools.gnu-tools-for-stm32.14.3.rel1.win32_1.0.100.202602081740/tools/bin/../lib/gcc/arm-none-eabi/14.3.1/../../../../arm-none-eabi/lib/thumb/v7e-m+fp/hard\libc_nano.a(libc_a-stdio.o)
 .ARM.attributes
                0x000006c3       0x34 C:/ST/STM32CubeIDE_2.2.0/STM32CubeIDE/plugins/com.st.stm32cube.ide.mcu.externaltools.gnu-tools-for-stm32.14.3.rel1.win32_1.0.100.202602081740/tools/bin/../lib/gcc/arm-none-eabi/14.3.1/../../../../arm-none-eabi/lib/thumb/v7e-m+fp/hard\libc_nano.a(libc_a-wbuf.o)
 .ARM.attributes
                0x000006f7       0x34 C:/ST/STM32CubeIDE_2.2.0/STM32CubeIDE/plugins/com.st.stm32cube.ide.mcu.externaltools.gnu-tools-for-stm32.14.3.rel1.win32_1.0.100.202602081740/tools/bin/../lib/gcc/arm-none-eabi/14.3.1/../../../../arm-none-eabi/lib/thumb/v7e-m+fp/hard\libc_nano.a(libc_a-wsetup.o)
 .ARM.attributes
                0x0000072b       0x34 C:/ST/STM32CubeIDE_2.2.0/STM32CubeIDE/plugins/com.st.stm32cube.ide.mcu.externaltools.gnu-tools-for-stm32.14.3.rel1.win32_1.0.100.202602081740/tools/bin/../lib/gcc/arm-none-eabi/14.3.1/../../../../arm-none-eabi/lib/thumb/v7e-m+fp/hard\libc_nano.a(libc_a-memset.o)
 .ARM.attributes
                0x0000075f       0x34 C:/ST/STM32CubeIDE_2.2.0/STM32CubeIDE/plugins/com.st.stm32cube.ide.mcu.externaltools.gnu-tools-for-stm32.14.3.rel1.win32_1.0.100.202602081740/tools/bin/../lib/gcc/arm-none-eabi/14.3.1/../../../../arm-none-eabi/lib/thumb/v7e-m+fp/hard\libc_nano.a(libc_a-closer.o)
 .ARM.attributes
                0x00000793       0x34 C:/ST/STM32CubeIDE_2.2.0/STM32CubeIDE/plugins/com.st.stm32cube.ide.mcu.externaltools.gnu-tools-for-stm32.14.3.rel1.win32_1.0.100.202602081740/tools/bin/../lib/gcc/arm-none-eabi/14.3.1/../../../../arm-none-eabi/lib/thumb/v7e-m+fp/hard\libc_nano.a(libc_a-reent.o)
 .ARM.attributes
                0x000007c7       0x34 C:/ST/STM32CubeIDE_2.2.0/STM32CubeIDE/plugins/com.st.stm32cube.ide.mcu.externaltools.gnu-tools-for-stm32.14.3.rel1.win32_1.0.100.202602081740/tools/bin/../lib/gcc/arm-none-eabi/14.3.1/../../../../arm-none-eabi/lib/thumb/v7e-m+fp/hard\libc_nano.a(libc_a-impure.o)
 .ARM.attributes
                0x000007fb       0x34 C:/ST/STM32CubeIDE_2.2.0/STM32CubeIDE/plugins/com.st.stm32cube.ide.mcu.externaltools.gnu-tools-for-stm32.14.3.rel1.win32_1.0.100.202602081740/tools/bin/../lib/gcc/arm-none-eabi/14.3.1/../../../../arm-none-eabi/lib/thumb/v7e-m+fp/hard\libc_nano.a(libc_a-lseekr.o)
 .ARM.attributes
                0x0000082f       0x34 C:/ST/STM32CubeIDE_2.2.0/STM32CubeIDE/plugins/com.st.stm32cube.ide.mcu.externaltools.gnu-tools-for-stm32.14.3.rel1.win32_1.0.100.202602081740/tools/bin/../lib/gcc/arm-none-eabi/14.3.1/../../../../arm-none-eabi/lib/thumb/v7e-m+fp/hard\libc_nano.a(libc_a-readr.o)
 .ARM.attributes
                0x00000863       0x34 C:/ST/STM32CubeIDE_2.2.0/STM32CubeIDE/plugins/com.st.stm32cube.ide.mcu.externaltools.gnu-tools-for-stm32.14.3.rel1.win32_1.0.100.202602081740/tools/bin/../lib/gcc/arm-none-eabi/14.3.1/../../../../arm-none-eabi/lib/thumb/v7e-m+fp/hard\libc_nano.a(libc_a-writer.o)
 .ARM.attributes
                0x00000897       0x34 C:/ST/STM32CubeIDE_2.2.0/STM32CubeIDE/plugins/com.st.stm32cube.ide.mcu.externaltools.gnu-tools-for-stm32.14.3.rel1.win32_1.0.100.202602081740/tools/bin/../lib/gcc/arm-none-eabi/14.3.1/../../../../arm-none-eabi/lib/thumb/v7e-m+fp/hard\libc_nano.a(libc_a-errno.o)
 .ARM.attributes
                0x000008cb       0x34 C:/ST/STM32CubeIDE_2.2.0/STM32CubeIDE/plugins/com.st.stm32cube.ide.mcu.externaltools.gnu-tools-for-stm32.14.3.rel1.win32_1.0.100.202602081740/tools/bin/../lib/gcc/arm-none-eabi/14.3.1/../../../../arm-none-eabi/lib/thumb/v7e-m+fp/hard\libc_nano.a(libc_a-init.o)
 .ARM.attributes
                0x000008ff       0x34 C:/ST/STM32CubeIDE_2.2.0/STM32CubeIDE/plugins/com.st.stm32cube.ide.mcu.externaltools.gnu-tools-for-stm32.14.3.rel1.win32_1.0.100.202602081740/tools/bin/../lib/gcc/arm-none-eabi/14.3.1/../../../../arm-none-eabi/lib/thumb/v7e-m+fp/hard\libc_nano.a(libc_a-lock.o)
 .ARM.attributes
                0x00000933       0x34 C:/ST/STM32CubeIDE_2.2.0/STM32CubeIDE/plugins/com.st.stm32cube.ide.mcu.externaltools.gnu-tools-for-stm32.14.3.rel1.win32_1.0.100.202602081740/tools/bin/../lib/gcc/arm-none-eabi/14.3.1/../../../../arm-none-eabi/lib/thumb/v7e-m+fp/hard\libc_nano.a(libc_a-freer.o)
 .ARM.attributes
                0x00000967       0x34 C:/ST/STM32CubeIDE_2.2.0/STM32CubeIDE/plugins/com.st.stm32cube.ide.mcu.externaltools.gnu-tools-for-stm32.14.3.rel1.win32_1.0.100.202602081740/tools/bin/../lib/gcc/arm-none-eabi/14.3.1/../../../../arm-none-eabi/lib/thumb/v7e-m+fp/hard\libc_nano.a(libc_a-mallocr.o)
 .ARM.attributes
                0x0000099b       0x34 C:/ST/STM32CubeIDE_2.2.0/STM32CubeIDE/plugins/com.st.stm32cube.ide.mcu.externaltools.gnu-tools-for-stm32.14.3.rel1.win32_1.0.100.202602081740/tools/bin/../lib/gcc/arm-none-eabi/14.3.1/../../../../arm-none-eabi/lib/thumb/v7e-m+fp/hard\libc_nano.a(libc_a-mlock.o)
 .ARM.attributes
                0x000009cf       0x34 C:/ST/STM32CubeIDE_2.2.0/STM32CubeIDE/plugins/com.st.stm32cube.ide.mcu.externaltools.gnu-tools-for-stm32.14.3.rel1.win32_1.0.100.202602081740/tools/bin/../lib/gcc/arm-none-eabi/14.3.1/../../../../arm-none-eabi/lib/thumb/v7e-m+fp/hard\libc_nano.a(libc_a-nano-vfprintf.o)
 .ARM.attributes
                0x00000a03       0x34 C:/ST/STM32CubeIDE_2.2.0/STM32CubeIDE/plugins/com.st.stm32cube.ide.mcu.externaltools.gnu-tools-for-stm32.14.3.rel1.win32_1.0.100.202602081740/tools/bin/../lib/gcc/arm-none-eabi/14.3.1/../../../../arm-none-eabi/lib/thumb/v7e-m+fp/hard\libc_nano.a(libc_a-nano-vfprintf_i.o)
 .ARM.attributes
                0x00000a37       0x34 C:/ST/STM32CubeIDE_2.2.0/STM32CubeIDE/plugins/com.st.stm32cube.ide.mcu.externaltools.gnu-tools-for-stm32.14.3.rel1.win32_1.0.100.202602081740/tools/bin/../lib/gcc/arm-none-eabi/14.3.1/../../../../arm-none-eabi/lib/thumb/v7e-m+fp/hard\libc_nano.a(libc_a-fflush.o)
 .ARM.attributes
                0x00000a6b       0x34 C:/ST/STM32CubeIDE_2.2.0/STM32CubeIDE/plugins/com.st.stm32cube.ide.mcu.externaltools.gnu-tools-for-stm32.14.3.rel1.win32_1.0.100.202602081740/tools/bin/../lib/gcc/arm-none-eabi/14.3.1/../../../../arm-none-eabi/lib/thumb/v7e-m+fp/hard\libc_nano.a(libc_a-makebuf.o)
 .ARM.attributes
                0x00000a9f       0x34 C:/ST/STM32CubeIDE_2.2.0/STM32CubeIDE/plugins/com.st.stm32cube.ide.mcu.externaltools.gnu-tools-for-stm32.14.3.rel1.win32_1.0.100.202602081740/tools/bin/../lib/gcc/arm-none-eabi/14.3.1/../../../../arm-none-eabi/lib/thumb/v7e-m+fp/hard\libc_nano.a(libc_a-putc.o)
 .ARM.attributes
                0x00000ad3       0x34 C:/ST/STM32CubeIDE_2.2.0/STM32CubeIDE/plugins/com.st.stm32cube.ide.mcu.externaltools.gnu-tools-for-stm32.14.3.rel1.win32_1.0.100.202602081740/tools/bin/../lib/gcc/arm-none-eabi/14.3.1/../../../../arm-none-eabi/lib/thumb/v7e-m+fp/hard\libc_nano.a(libc_a-fstatr.o)
 .ARM.attributes
                0x00000b07       0x34 C:/ST/STM32CubeIDE_2.2.0/STM32CubeIDE/plugins/com.st.stm32cube.ide.mcu.externaltools.gnu-tools-for-stm32.14.3.rel1.win32_1.0.100.202602081740/tools/bin/../lib/gcc/arm-none-eabi/14.3.1/../../../../arm-none-eabi/lib/thumb/v7e-m+fp/hard\libc_nano.a(libc_a-isattyr.o)
 .ARM.attributes
                0x00000b3b       0x34 C:/ST/STM32CubeIDE_2.2.0/STM32CubeIDE/plugins/com.st.stm32cube.ide.mcu.externaltools.gnu-tools-for-stm32.14.3.rel1.win32_1.0.100.202602081740/tools/bin/../lib/gcc/arm-none-eabi/14.3.1/../../../../arm-none-eabi/lib/thumb/v7e-m+fp/hard\libc_nano.a(libc_a-sbrkr.o)
 .ARM.attributes
                0x00000b6f       0x1c C:/ST/STM32CubeIDE_2.2.0/STM32CubeIDE/plugins/com.st.stm32cube.ide.mcu.externaltools.gnu-tools-for-stm32.14.3.rel1.win32_1.0.100.202602081740/tools/bin/../lib/gcc/arm-none-eabi/14.3.1/../../../../arm-none-eabi/lib/thumb/v7e-m+fp/hard\libc_nano.a(libc_a-memchr.o)
 .ARM.attributes
                0x00000b8b       0x22 C:/ST/STM32CubeIDE_2.2.0/STM32CubeIDE/plugins/com.st.stm32cube.ide.mcu.externaltools.gnu-tools-for-stm32.14.3.rel1.win32_1.0.100.202602081740/tools/bin/../lib/gcc/arm-none-eabi/14.3.1/thumb/v7e-m+fp/hard\libgcc.a(_aeabi_uldivmod.o)
 .ARM.attributes
                0x00000bad       0x34 C:/ST/STM32CubeIDE_2.2.0/STM32CubeIDE/plugins/com.st.stm32cube.ide.mcu.externaltools.gnu-tools-for-stm32.14.3.rel1.win32_1.0.100.202602081740/tools/bin/../lib/gcc/arm-none-eabi/14.3.1/thumb/v7e-m+fp/hard\libgcc.a(_udivmoddi4.o)
 .ARM.attributes
                0x00000be1       0x22 C:/ST/STM32CubeIDE_2.2.0/STM32CubeIDE/plugins/com.st.stm32cube.ide.mcu.externaltools.gnu-tools-for-stm32.14.3.rel1.win32_1.0.100.202602081740/tools/bin/../lib/gcc/arm-none-eabi/14.3.1/thumb/v7e-m+fp/hard\libgcc.a(_dvmd_tls.o)
 .ARM.attributes
                0x00000c03       0x22 C:/ST/STM32CubeIDE_2.2.0/STM32CubeIDE/plugins/com.st.stm32cube.ide.mcu.externaltools.gnu-tools-for-stm32.14.3.rel1.win32_1.0.100.202602081740/tools/bin/../lib/gcc/arm-none-eabi/14.3.1/thumb/v7e-m+fp/hard/crtn.o
OUTPUT(board_test_2.elf elf32-littlearm)
LOAD linker stubs
LOAD C:/ST/STM32CubeIDE_2.2.0/STM32CubeIDE/plugins/com.st.stm32cube.ide.mcu.externaltools.gnu-tools-for-stm32.14.3.rel1.win32_1.0.100.202602081740/tools/bin/../lib/gcc/arm-none-eabi/14.3.1/../../../../arm-none-eabi/lib/thumb/v7e-m+fp/hard\libc.a
LOAD C:/ST/STM32CubeIDE_2.2.0/STM32CubeIDE/plugins/com.st.stm32cube.ide.mcu.externaltools.gnu-tools-for-stm32.14.3.rel1.win32_1.0.100.202602081740/tools/bin/../lib/gcc/arm-none-eabi/14.3.1/../../../../arm-none-eabi/lib/thumb/v7e-m+fp/hard\libm.a
LOAD C:/ST/STM32CubeIDE_2.2.0/STM32CubeIDE/plugins/com.st.stm32cube.ide.mcu.externaltools.gnu-tools-for-stm32.14.3.rel1.win32_1.0.100.202602081740/tools/bin/../lib/gcc/arm-none-eabi/14.3.1/thumb/v7e-m+fp/hard\libgcc.a

.debug_info     0x00000000    0x19ced
 .debug_info    0x00000000      0x151 ./Core/Src/debug_utils.o
 .debug_info    0x00000151      0xc03 ./Core/Src/imu.o
 .debug_info    0x00000d54     0x1aee ./Core/Src/main.o
 .debug_info    0x00002842      0xa45 ./Core/Src/obd.o
 .debug_info    0x00003287      0x96e ./Core/Src/servo.o
 .debug_info    0x00003bf5     0x16b6 ./Core/Src/stm32g4xx_hal_msp.o
 .debug_info    0x000052ab      0x162 ./Core/Src/stm32g4xx_it.o
 .debug_info    0x0000540d      0x6a3 ./Core/Src/syscalls.o
 .debug_info    0x00005ab0      0x168 ./Core/Src/sysmem.o
 .debug_info    0x00005c18      0x58e ./Core/Src/system_stm32g4xx.o
 .debug_info    0x000061a6      0x307 ./Core/Src/wing_control.o
 .debug_info    0x000064ad       0x30 ./Core/Startup/startup_stm32g474retx.o
 .debug_info    0x000064dd     0x1762 ./Drivers/BSP/STM32G4xx_Nucleo/stm32g4xx_nucleo.o
 .debug_info    0x00007c3f      0xb95 ./Drivers/STM32G4xx_HAL_Driver/Src/stm32g4xx_hal.o
 .debug_info    0x000087d4      0xdf9 ./Drivers/STM32G4xx_HAL_Driver/Src/stm32g4xx_hal_cortex.o
 .debug_info    0x000095cd      0x65f ./Drivers/STM32G4xx_HAL_Driver/Src/stm32g4xx_hal_exti.o
 .debug_info    0x00009c2c     0x18ba ./Drivers/STM32G4xx_HAL_Driver/Src/stm32g4xx_hal_fdcan.o
 .debug_info    0x0000b4e6      0x772 ./Drivers/STM32G4xx_HAL_Driver/Src/stm32g4xx_hal_gpio.o
 .debug_info    0x0000bc58     0x21ea ./Drivers/STM32G4xx_HAL_Driver/Src/stm32g4xx_hal_i2c.o
 .debug_info    0x0000de42      0xad6 ./Drivers/STM32G4xx_HAL_Driver/Src/stm32g4xx_hal_i2c_ex.o
 .debug_info    0x0000e918      0x944 ./Drivers/STM32G4xx_HAL_Driver/Src/stm32g4xx_hal_pwr_ex.o
 .debug_info    0x0000f25c      0xbf9 ./Drivers/STM32G4xx_HAL_Driver/Src/stm32g4xx_hal_rcc.o
 .debug_info    0x0000fe55      0xc5d ./Drivers/STM32G4xx_HAL_Driver/Src/stm32g4xx_hal_rcc_ex.o
 .debug_info    0x00010ab2     0x2c52 ./Drivers/STM32G4xx_HAL_Driver/Src/stm32g4xx_hal_tim.o
 .debug_info    0x00013704     0x1d95 ./Drivers/STM32G4xx_HAL_Driver/Src/stm32g4xx_hal_tim_ex.o
 .debug_info    0x00015499     0x4854 ./Drivers/STM32G4xx_HAL_Driver/Src/stm32g4xx_hal_uart.o

.debug_abbrev   0x00000000     0x361a
 .debug_abbrev  0x00000000       0xd4 ./Core/Src/debug_utils.o
 .debug_abbrev  0x000000d4      0x334 ./Core/Src/imu.o
 .debug_abbrev  0x00000408      0x341 ./Core/Src/main.o
 .debug_abbrev  0x00000749      0x247 ./Core/Src/obd.o
 .debug_abbrev  0x00000990      0x23c ./Core/Src/servo.o
 .debug_abbrev  0x00000bcc      0x2ab ./Core/Src/stm32g4xx_hal_msp.o
 .debug_abbrev  0x00000e77       0xbc ./Core/Src/stm32g4xx_it.o
 .debug_abbrev  0x00000f33      0x1b6 ./Core/Src/syscalls.o
 .debug_abbrev  0x000010e9       0xbc ./Core/Src/sysmem.o
 .debug_abbrev  0x000011a5      0x11a ./Core/Src/system_stm32g4xx.o
 .debug_abbrev  0x000012bf      0x161 ./Core/Src/wing_control.o
 .debug_abbrev  0x00001420       0x24 ./Core/Startup/startup_stm32g474retx.o
 .debug_abbrev  0x00001444      0x2fb ./Drivers/BSP/STM32G4xx_Nucleo/stm32g4xx_nucleo.o
 .debug_abbrev  0x0000173f      0x271 ./Drivers/STM32G4xx_HAL_Driver/Src/stm32g4xx_hal.o
 .debug_abbrev  0x000019b0      0x31c ./Drivers/STM32G4xx_HAL_Driver/Src/stm32g4xx_hal_cortex.o
 .debug_abbrev  0x00001ccc      0x1b1 ./Drivers/STM32G4xx_HAL_Driver/Src/stm32g4xx_hal_exti.o
 .debug_abbrev  0x00001e7d      0x1e7 ./Drivers/STM32G4xx_HAL_Driver/Src/stm32g4xx_hal_fdcan.o
 .debug_abbrev  0x00002064      0x1d2 ./Drivers/STM32G4xx_HAL_Driver/Src/stm32g4xx_hal_gpio.o
 .debug_abbrev  0x00002236      0x25e ./Drivers/STM32G4xx_HAL_Driver/Src/stm32g4xx_hal_i2c.o
 .debug_abbrev  0x00002494      0x1c0 ./Drivers/STM32G4xx_HAL_Driver/Src/stm32g4xx_hal_i2c_ex.o
 .debug_abbrev  0x00002654      0x22c ./Drivers/STM32G4xx_HAL_Driver/Src/stm32g4xx_hal_pwr_ex.o
 .debug_abbrev  0x00002880      0x2c9 ./Drivers/STM32G4xx_HAL_Driver/Src/stm32g4xx_hal_rcc.o
 .debug_abbrev  0x00002b49      0x261 ./Drivers/STM32G4xx_HAL_Driver/Src/stm32g4xx_hal_rcc_ex.o
 .debug_abbrev  0x00002daa      0x2a7 ./Drivers/STM32G4xx_HAL_Driver/Src/stm32g4xx_hal_tim.o
 .debug_abbrev  0x00003051      0x2c5 ./Drivers/STM32G4xx_HAL_Driver/Src/stm32g4xx_hal_tim_ex.o
 .debug_abbrev  0x00003316      0x304 ./Drivers/STM32G4xx_HAL_Driver/Src/stm32g4xx_hal_uart.o

.debug_aranges  0x00000000     0x1780
 .debug_aranges
                0x00000000       0x30 ./Core/Src/debug_utils.o
 .debug_aranges
                0x00000030       0x88 ./Core/Src/imu.o
 .debug_aranges
                0x000000b8       0x58 ./Core/Src/main.o
 .debug_aranges
                0x00000110       0x58 ./Core/Src/obd.o
 .debug_aranges
                0x00000168       0x40 ./Core/Src/servo.o
 .debug_aranges
                0x000001a8       0x58 ./Core/Src/stm32g4xx_hal_msp.o
 .debug_aranges
                0x00000200       0x68 ./Core/Src/stm32g4xx_it.o
 .debug_aranges
                0x00000268       0xa8 ./Core/Src/syscalls.o
 .debug_aranges
                0x00000310       0x20 ./Core/Src/sysmem.o
 .debug_aranges
                0x00000330       0x28 ./Core/Src/system_stm32g4xx.o
 .debug_aranges
                0x00000358       0x30 ./Core/Src/wing_control.o
 .debug_aranges
                0x00000388       0x28 ./Core/Startup/startup_stm32g474retx.o
 .debug_aranges
                0x000003b0       0xc8 ./Drivers/BSP/STM32G4xx_Nucleo/stm32g4xx_nucleo.o
 .debug_aranges
                0x00000478      0x148 ./Drivers/STM32G4xx_HAL_Driver/Src/stm32g4xx_hal.o
 .debug_aranges
                0x000005c0      0x128 ./Drivers/STM32G4xx_HAL_Driver/Src/stm32g4xx_hal_cortex.o
 .debug_aranges
                0x000006e8       0x60 ./Drivers/STM32G4xx_HAL_Driver/Src/stm32g4xx_hal_exti.o
 .debug_aranges
                0x00000748      0x208 ./Drivers/STM32G4xx_HAL_Driver/Src/stm32g4xx_hal_fdcan.o
 .debug_aranges
                0x00000950       0x58 ./Drivers/STM32G4xx_HAL_Driver/Src/stm32g4xx_hal_gpio.o
 .debug_aranges
                0x000009a8      0x2a0 ./Drivers/STM32G4xx_HAL_Driver/Src/stm32g4xx_hal_i2c.o
 .debug_aranges
                0x00000c48       0x48 ./Drivers/STM32G4xx_HAL_Driver/Src/stm32g4xx_hal_i2c_ex.o
 .debug_aranges
                0x00000c90      0x140 ./Drivers/STM32G4xx_HAL_Driver/Src/stm32g4xx_hal_pwr_ex.o
 .debug_aranges
                0x00000dd0       0x98 ./Drivers/STM32G4xx_HAL_Driver/Src/stm32g4xx_hal_rcc.o
 .debug_aranges
                0x00000e68       0xb0 ./Drivers/STM32G4xx_HAL_Driver/Src/stm32g4xx_hal_rcc_ex.o
 .debug_aranges
                0x00000f18      0x3e0 ./Drivers/STM32G4xx_HAL_Driver/Src/stm32g4xx_hal_tim.o
 .debug_aranges
                0x000012f8      0x240 ./Drivers/STM32G4xx_HAL_Driver/Src/stm32g4xx_hal_tim_ex.o
 .debug_aranges
                0x00001538      0x248 ./Drivers/STM32G4xx_HAL_Driver/Src/stm32g4xx_hal_uart.o

.debug_rnglists
                0x00000000     0x1241
 .debug_rnglists
                0x00000000       0x1f ./Core/Src/debug_utils.o
 .debug_rnglists
                0x0000001f       0x64 ./Core/Src/imu.o
 .debug_rnglists
                0x00000083       0x42 ./Core/Src/main.o
 .debug_rnglists
                0x000000c5       0x41 ./Core/Src/obd.o
 .debug_rnglists
                0x00000106       0x2b ./Core/Src/servo.o
 .debug_rnglists
                0x00000131       0x3f ./Core/Src/stm32g4xx_hal_msp.o
 .debug_rnglists
                0x00000170       0x49 ./Core/Src/stm32g4xx_it.o
 .debug_rnglists
                0x000001b9       0x79 ./Core/Src/syscalls.o
 .debug_rnglists
                0x00000232       0x13 ./Core/Src/sysmem.o
 .debug_rnglists
                0x00000245       0x1a ./Core/Src/system_stm32g4xx.o
 .debug_rnglists
                0x0000025f       0x20 ./Core/Src/wing_control.o
 .debug_rnglists
                0x0000027f       0x19 ./Core/Startup/startup_stm32g474retx.o
 .debug_rnglists
                0x00000298       0x93 ./Drivers/BSP/STM32G4xx_Nucleo/stm32g4xx_nucleo.o