../Core/Src/main.c:67:16:FDCAN_DLC_ToBytes	10
../Core/Src/main.c:84:13:CAN_Test_Init	5
../Core/Src/main.c:131:13:CAN_Send_Test_Frame	2
../Core/Src/main.c:155:13:CAN_Send_OBD_RPM_Request	2
../Core/Src/main.c:184:13:CAN_Send_OBD_Speed_Request	2
../Core/Src/main.c:208:13:CAN_Send_OBD_Accelerator_Request	2
../Core/Src/main.c:234:13:CAN_Send_OBD_Request	2
../Core/Src/main.c:331:20:WingState_ToString	5
../Core/Src/main.c:342:13:Print_Signed_X10	2
../Core/Src/main.c:357:16:RateX10_To_mG	1
../Core/Src/main.c:370:13:Print_Signed_mG_As_G	2
../Core/Src/main.c:407:13:Servo_SetPulseUs	3
../Core/Src/main.c:424:13:Servo_SetWingState	5
../Core/Src/main.c:449:13:Servo_UpdateWingStateIfChanged	3
../Core/Src/main.c:470:13:Control_Update_From_Speed	21
../Core/Src/main.c:666:13:CAN_Poll_Rx	14
../Core/Src/main.c:721:5:main	4
../Core/Src/main.c:842:6:SystemClock_Config	3
../Core/Src/main.c:889:13:MX_FDCAN1_Init	2
../Core/Src/main.c:932:13:MX_TIM2_Init	6
../Core/Src/main.c:991:13:MX_GPIO_Init	1
../Core/Src/main.c:1017:6:BSP_PB_Callback	2
../Core/Src/main.c:1029:6:Error_Handler	1
