../Core/Src/main.c:67:16:FDCAN_DLC_ToBytes	16	static
../Core/Src/main.c:84:13:CAN_Test_Init	40	static
../Core/Src/main.c:131:13:CAN_Send_Test_Frame	56	static
../Core/Src/main.c:155:13:CAN_Send_OBD_RPM_Request	56	static
../Core/Src/main.c:184:13:CAN_Send_OBD_Speed_Request	56	static
../Core/Src/main.c:208:13:CAN_Send_OBD_Accelerator_Request	56	static
../Core/Src/main.c:234:13:CAN_Send_OBD_Request	64	static
../Core/Src/main.c:331:20:WingState_ToString	16	static
../Core/Src/main.c:342:13:Print_Signed_X10	16	static
../Core/Src/main.c:357:16:RateX10_To_mG	16	static
../Core/Src/main.c:370:13:Print_Signed_mG_As_G	16	static
../Core/Src/main.c:407:13:Servo_SetPulseUs	16	static
../Core/Src/main.c:424:13:Servo_SetWingState	16	static
../Core/Src/main.c:449:13:Servo_UpdateWingStateIfChanged	16	static
../Core/Src/main.c:470:13:Control_Update_From_Speed	80	static
../Core/Src/main.c:666:13:CAN_Poll_Rx	64	static
../Core/Src/main.c:721:5:main	8	static
../Core/Src/main.c:842:6:SystemClock_Config	88	static
../Core/Src/main.c:889:13:MX_FDCAN1_Init	8	static
../Core/Src/main.c:932:13:MX_TIM2_Init	64	static
../Core/Src/main.c:991:13:MX_GPIO_Init	24	static
../Core/Src/main.c:1017:6:BSP_PB_Callback	16	static
../Core/Src/main.c:1029:6:Error_Handler	4	static,ignoring_inline_asm
